BL51 BANKED LINKER/LOCATER V6.22.4.0                                                    11/28/2024  14:06:59  PAGE 1


BL51 BANKED LINKER/LOCATER V6.22.4.0, INVOKED BY:
C:\KEIL_V5\C51\BIN\BL51.EXE .\Release\Objects\STARTUP.obj, .\Release\Objects\system.obj, .\Release\Objects\my_gpio.obj, 
>> .\Release\Objects\tmr0.obj, .\Release\Objects\tmr1.obj, .\Release\Objects\tmr2.obj, .\Release\Objects\tmr3.obj, .\Rel
>> ease\Objects\tmr4.obj, .\Release\Objects\uart0.obj, .\Release\Objects\adc.obj, .\Release\Objects\flash.obj, .\Release
>> \Objects\gpio_interrupt.obj, .\Release\Objects\main.obj, .\Release\Objects\fun_info.obj, .\Release\Objects\send_data.
>> obj, .\Release\Objects\pin_level_scan.obj, .\Release\Objects\speed_scan.obj, .\Release\Objects\engine_speed_scan.obj,
>>  .\Release\Objects\mileage.obj, .\Release\Objects\instruction.obj, .\Release\Objects\ad_key.obj, .\Release\Objects\fu
>> el_capacity.obj, .\Release\Objects\temp_of_water.obj, .\Release\Objects\battery.obj TO .\Release\Objects\Project PRIN
>> T (.\Release\Listings\Project.m51) RAMSIZE (256) CODE (0X0000-0X3EEF) XDATA (0X6000-0X66FF)


MEMORY MODEL: LARGE


INPUT MODULES INCLUDED:
  .\Release\Objects\STARTUP.obj (?C_STARTUP)
  .\Release\Objects\system.obj (SYSTEM)
  .\Release\Objects\my_gpio.obj (MY_GPIO)
  .\Release\Objects\tmr0.obj (TMR0)
  .\Release\Objects\tmr1.obj (TMR1)
  .\Release\Objects\tmr2.obj (TMR2)
  .\Release\Objects\tmr3.obj (TMR3)
  .\Release\Objects\tmr4.obj (TMR4)
  .\Release\Objects\uart0.obj (UART0)
  .\Release\Objects\adc.obj (ADC)
  .\Release\Objects\flash.obj (FLASH)
  .\Release\Objects\gpio_interrupt.obj (GPIO_INTERRUPT)
  .\Release\Objects\main.obj (MAIN)
  .\Release\Objects\fun_info.obj (FUN_INFO)
  .\Release\Objects\send_data.obj (SEND_DATA)
  .\Release\Objects\pin_level_scan.obj (PIN_LEVEL_SCAN)
  .\Release\Objects\speed_scan.obj (SPEED_SCAN)
  .\Release\Objects\engine_speed_scan.obj (ENGINE_SPEED_SCAN)
  .\Release\Objects\mileage.obj (MILEAGE)
  .\Release\Objects\instruction.obj (INSTRUCTION)
  .\Release\Objects\ad_key.obj (AD_KEY)
  .\Release\Objects\fuel_capacity.obj (FUEL_CAPACITY)
  .\Release\Objects\temp_of_water.obj (TEMP_OF_WATER)
  .\Release\Objects\battery.obj (BATTERY)
  C:\KEIL_V5\C51\LIB\C51L.LIB (?C_INIT)
  C:\KEIL_V5\C51\LIB\C51L.LIB (?C?CLDPTR)
  C:\KEIL_V5\C51\LIB\C51L.LIB (?C?CLDOPTR)
  C:\KEIL_V5\C51\LIB\C51L.LIB (?C?CSTPTR)
  C:\KEIL_V5\C51\LIB\C51L.LIB (?C?IILDX)
  C:\KEIL_V5\C51\LIB\C51L.LIB (?C?LADD)
  C:\KEIL_V5\C51\LIB\C51L.LIB (?C?LSUB)
  C:\KEIL_V5\C51\LIB\C51L.LIB (?C?LMUL)
  C:\KEIL_V5\C51\LIB\C51L.LIB (?C?ULDIV)
  C:\KEIL_V5\C51\LIB\C51L.LIB (?C?LOR)
  C:\KEIL_V5\C51\LIB\C51L.LIB (?C?ULCMP)
  C:\KEIL_V5\C51\LIB\C51L.LIB (?C?ULSHR)
  C:\KEIL_V5\C51\LIB\C51L.LIB (?C?LSHL)
  C:\KEIL_V5\C51\LIB\C51L.LIB (?C?LLDXDATA)
  C:\KEIL_V5\C51\LIB\C51L.LIB (?C?LLDXDATA0)
  C:\KEIL_V5\C51\LIB\C51L.LIB (?C?LSTXDATA)
  C:\KEIL_V5\C51\LIB\C51L.LIB (?C?LSTKXDATA)
  C:\KEIL_V5\C51\LIB\C51L.LIB (?C?OFFXADD)
  C:\KEIL_V5\C51\LIB\C51L.LIB (?C?PLDXDATA)
BL51 BANKED LINKER/LOCATER V6.22.4.0                                                  11/28/2024  14:06:59  PAGE 2


  C:\KEIL_V5\C51\LIB\C51L.LIB (?C?PLDIXDATA)
  C:\KEIL_V5\C51\LIB\C51L.LIB (?C?PSTXDATA)
  C:\KEIL_V5\C51\LIB\C51L.LIB (?C?LIMUL)
  C:\KEIL_V5\C51\LIB\C51L.LIB (PRINTF)
  C:\KEIL_V5\C51\LIB\C51L.LIB (?C?MEMSET)
  C:\KEIL_V5\C51\LIB\C51L.LIB (?C?CCASE)


LINK MAP OF MODULE:  .\Release\Objects\Project (?C_STARTUP)


            TYPE    BASE      LENGTH    RELOCATION   SEGMENT NAME
            -----------------------------------------------------

            * * * * * * *   D A T A   M E M O R Y   * * * * * * *
            REG     0000H     0008H     ABSOLUTE     "REG BANK 0"
            DATA    0008H     0005H     UNIT         ?DT?PRINTF?PRINTF
                    000DH     0013H                  *** GAP ***
            BIT     0020H.0   0002H.2   UNIT         ?BI?INSTRUCTION
            BIT     0022H.2   0001H.1   UNIT         ?BI?PRINTF?PRINTF
            BIT     0023H.3   0000H.1   UNIT         ?BI?UART0
            BIT     0023H.4   0000H.1   UNIT         _BIT_GROUP_
                    0023H.5   0000H.3                *** GAP ***
            IDATA   0024H     0001H     UNIT         ?STACK

            * * * * * * *  X D A T A   M E M O R Y  * * * * * * *
                    0000H     6000H                  *** GAP ***
            XDATA   6000H     002EH     UNIT         ?XD?UART0
            XDATA   602EH     0028H     UNIT         ?XD?PRINTF?PRINTF
            XDATA   6056H     0021H     UNIT         ?XD?FUN_INFO
            XDATA   6077H     0021H     UNIT         ?XD?AD_KEY
            XDATA   6098H     0010H     UNIT         ?XD?MILEAGE
            XDATA   60A8H     0010H     UNIT         _XDATA_GROUP_
            XDATA   60B8H     000DH     UNIT         ?XD?SPEED_SCAN
            XDATA   60C5H     000DH     UNIT         ?XD?FUEL_CAPACITY
            XDATA   60D2H     000CH     UNIT         ?XD?BATTERY
            XDATA   60DEH     0008H     UNIT         ?XD?ENGINE_SPEED_SCAN
            XDATA   60E6H     0008H     UNIT         ?XD?TEMP_OF_WATER
            XDATA   60EEH     0004H     UNIT         ?XD?TMR0
            XDATA   60F2H     0004H     UNIT         ?XD?TMR2
            XDATA   60F6H     0004H     UNIT         ?XD?TMR3
            XDATA   60FAH     0004H     UNIT         ?XD?TMR4
            XDATA   60FEH     0004H     UNIT         ?XD?PIN_LEVEL_SCAN
            XDATA   6102H     0003H     UNIT         ?XD?_UART0_SEND_BUFF?UART0
            XDATA   6105H     0002H     UNIT         ?XD?__UART_BUFF_CHECK?UART0
            XDATA   6107H     0002H     UNIT         ?XD?ADC
            XDATA   6109H     0001H     UNIT         ?XD?_PUTCHAR?UART0

            * * * * * * *   C O D E   M E M O R Y   * * * * * * *
            CODE    0000H     0003H     ABSOLUTE     
            CODE    0003H     000CH     ABSOLUTE     
                    000FH     0003H                  *** GAP ***
            CODE    0012H     0003H     ABSOLUTE     
            CODE    0015H     0003H     ABSOLUTE     
                    0018H     0006H                  *** GAP ***
            CODE    001EH     0003H     ABSOLUTE     
            CODE    0021H     0003H     ABSOLUTE     
BL51 BANKED LINKER/LOCATER V6.22.4.0                                                  11/28/2024  14:06:59  PAGE 3


            CODE    0024H     0003H     ABSOLUTE     
            CODE    0027H     0003H     ABSOLUTE     
            CODE    002AH     0003H     ABSOLUTE     
            CODE    002DH     001DH     UNIT         ?PR?P01_OUTPUT_CONFIG?MY_GPIO
                    004AH     0001H                  *** GAP ***
            CODE    004BH     0003H     ABSOLUTE     
            CODE    004EH     0382H     UNIT         ?PR?FUEL_CAPACITY_SCAN?FUEL_CAPACITY
            CODE    03D0H     0368H     UNIT         ?PR?INSTRUCTION_HANDLE?INSTRUCTION
            CODE    0738H     0365H     UNIT         ?PR?PRINTF?PRINTF
            CODE    0A9DH     0349H     UNIT         ?PR?AD_KEY_SCAN?AD_KEY
            CODE    0DE6H     02F3H     UNIT         ?C?LIB_CODE
            CODE    10D9H     028BH     UNIT         ?PR?_SEND_DATA?SEND_DATA
            CODE    1364H     0181H     UNIT         ?PR?UART0_SCAN_HANDLE?UART0
            CODE    14E5H     0177H     UNIT         ?PR?UART0_IRQHANDLER?UART0
            CODE    165CH     0169H     UNIT         ?C_INITSEG
            CODE    17C5H     015AH     UNIT         ?PR?INSTRUCTION_SCAN?INSTRUCTION
            CODE    191FH     011CH     UNIT         ?PR?TIMR1_IRQHANDLER?TMR1
            CODE    1A3BH     0113H     UNIT         ?PR?SPEED_SCAN?SPEED_SCAN
            CODE    1B4EH     00FDH     UNIT         ?PR?MILEAGE_SCAN?MILEAGE
            CODE    1C4BH     00EFH     UNIT         ?PR?ADC_GETVAL?ADC
            CODE    1D3AH     00DCH     UNIT         ?PR?SYSTEM_INIT?SYSTEM
            CODE    1E16H     00D2H     UNIT         ?PR?BATTERY_SCAN?BATTERY
            CODE    1EE8H     00D0H     UNIT         ?PR?TEMP_OF_WATER_SCAN?TEMP_OF_WATER
            CODE    1FB8H     00BCH     UNIT         ?PR?PIN_LEVEL_SCAN?PIN_LEVEL_SCAN
            CODE    2074H     008EH     UNIT         ?PR?ENGINE_SPEED_SCAN?ENGINE_SPEED_SCAN
            CODE    2102H     008CH     UNIT         ?C_C51STARTUP
            CODE    218EH     0080H     UNIT         ?PR?MAIN?MAIN
            CODE    220EH     0076H     UNIT         ?PR?__UART_BUFF_CHECK?UART0
            CODE    2284H     0075H     UNIT         ?PR?P0_IRQHANDLER?GPIO_INTERRUPT
            CODE    22F9H     0075H     UNIT         ?PR?P1_IRQHANDLER?GPIO_INTERRUPT
            CODE    236EH     0071H     UNIT         ?PR?___CONVER_CUR_AD_TO_AD_KEY?AD_KEY
            CODE    23DFH     006AH     UNIT         ?PR?TIME_UPDATE?MAIN
            CODE    2449H     0050H     UNIT         ?PR?TIMR2_IRQHANDLER?TMR2
            CODE    2499H     0050H     UNIT         ?PR?TIMR3_IRQHANDLER?TMR3
            CODE    24E9H     004FH     UNIT         ?PR?TIMR0_IRQHANDLER?TMR0
            CODE    2538H     004DH     UNIT         ?PR?TMR4_IRQHANDLER?TMR4
            CODE    2585H     0046H     UNIT         ?PR?TMR2_CONFIG?TMR2
            CODE    25CBH     0046H     UNIT         ?PR?TMR3_CONFIG?TMR3
            CODE    2611H     0044H     UNIT         ?PR?_UART_CLEAR_SINGLE_INSTRUCTION?UART0
            CODE    2655H     0040H     UNIT         ?PR?TMR0_CONFIG?TMR0
            CODE    2695H     0040H     UNIT         ?PR?TMR1_CONFIG?TMR1
            CODE    26D5H     003BH     UNIT         ?PR?_CONVER_VOLTAGE_OF_BATTERY_TO_PERCENTAGE?BATTERY
            CODE    2710H     0037H     UNIT         ?PR?_FLASH_WRITE?FLASH
            CODE    2747H     0034H     UNIT         ?PR?_FLASH_READ?FLASH
            CODE    277BH     002EH     UNIT         ?PR?_ADC_SEL_PIN?ADC
            CODE    27A9H     0028H     UNIT         ?PR?SPEED_SCAN_CONFIG?SPEED_SCAN
            CODE    27D1H     0028H     UNIT         ?PR?ENGINE_SPEED_SCAN_CONFIG?ENGINE_SPEED_SCAN
            CODE    27F9H     0025H     UNIT         ?PR?UART0_CONFIG?UART0
            CODE    281EH     0025H     UNIT         ?PR?ADC_CONFIG?ADC
            CODE    2843H     0023H     UNIT         ?PR?_UART0_SEND_BUFF?UART0
            CODE    2866H     0023H     UNIT         ?PR?__ADC_SINGLE_CONVERT?ADC
            CODE    2889H     0022H     UNIT         ?CO?UART0
            CODE    28ABH     0021H     UNIT         ?PR?PIN_LEVEL_SCAN_CONFIG?PIN_LEVEL_SCAN
            CODE    28CCH     0020H     UNIT         ?PR?FUN_INFO_INIT?FUN_INFO
            CODE    28ECH     0018H     UNIT         ?PR?_DELAY_MS?SYSTEM
            CODE    2904H     0018H     UNIT         ?PR?TMR4_CNT_CONFIG?TMR4
            CODE    291CH     0016H     UNIT         ?PR?TMR2_DISABLE?TMR2
BL51 BANKED LINKER/LOCATER V6.22.4.0                                                  11/28/2024  14:06:59  PAGE 4


            CODE    2932H     0016H     UNIT         ?PR?TMR3_DISABLE?TMR3
            CODE    2948H     0016H     UNIT         ?PR?FUN_INFO_SAVE?FUN_INFO
            CODE    295EH     0014H     UNIT         ?PR?TMR0_DISABLE?TMR0
            CODE    2972H     0014H     UNIT         ?PR?TMR1_DISABLE?TMR1
            CODE    2986H     0012H     UNIT         ?PR?OUTPUT_PIN_INIT?MY_GPIO
            CODE    2998H     0012H     UNIT         ?PR?P26_OUTPUT_CONFIG?MY_GPIO
            CODE    29AAH     0011H     UNIT         ?PR?TMR2_ENABLE?TMR2
            CODE    29BBH     0011H     UNIT         ?PR?TMR3_ENABLE?TMR3
            CODE    29CCH     0011H     UNIT         ?PR?_FLASH_ERASE_SECTOR?FLASH
            CODE    29DDH     0010H     UNIT         ?PR?P03_OUTPUT_CONFIG?MY_GPIO
            CODE    29EDH     0010H     UNIT         ?PR?TMR0_ENABLE?TMR0
            CODE    29FDH     0010H     UNIT         ?PR?TMR1_ENABLE?TMR1
            CODE    2A0DH     0010H     UNIT         ?PR?_CONVER_ADC_VAL_TO_VOLTAGE?BATTERY
            CODE    2A1DH     000EH     UNIT         ?PR?_PUTCHAR?UART0
            CODE    2A2BH     000DH     UNIT         ?PR?P06_INPUT_CONFIG?MY_GPIO
            CODE    2A38H     000DH     UNIT         ?PR?P07_INPUT_CONFIG?MY_GPIO
            CODE    2A45H     000DH     UNIT         ?PR?P10_INPUT_CONFIG?MY_GPIO
            CODE    2A52H     000DH     UNIT         ?PR?P13_INPUT_CONFIG?MY_GPIO
            CODE    2A5FH     000DH     UNIT         ?PR?P14_INPUT_CONFIG?MY_GPIO
            CODE    2A6CH     000DH     UNIT         ?PR?P21_INPUT_CONFIG?MY_GPIO
            CODE    2A79H     000DH     UNIT         ?PR?P22_INPUT_CONFIG?MY_GPIO
            CODE    2A86H     000DH     UNIT         ?PR?P23_INPUT_CONFIG?MY_GPIO
            CODE    2A93H     000DH     UNIT         ?PR?P25_INPUT_CONFIG?MY_GPIO
            CODE    2AA0H     000DH     UNIT         ?PR?P27_INPUT_CONFIG?MY_GPIO
            CODE    2AADH     000DH     UNIT         ?PR?P30_INPUT_CONFIG?MY_GPIO
            CODE    2ABAH     000DH     UNIT         ?PR?_UART0_SENDBYTE?UART0
            CODE    2AC7H     000BH     UNIT         ?PR?_DELAY?SYSTEM



OVERLAY MAP OF MODULE:   .\Release\Objects\Project (?C_STARTUP)


SEGMENT                                             BIT_GROUP          XDATA_GROUP
  +--> CALLED SEGMENT                            START    LENGTH     START    LENGTH
------------------------------------------------------------------------------------
?C_C51STARTUP                                    -----    -----      -----    -----
  +--> ?PR?MAIN?MAIN
  +--> ?C_INITSEG

?PR?MAIN?MAIN                                    -----    -----      -----    -----
  +--> ?PR?SYSTEM_INIT?SYSTEM
  +--> ?PR?FUN_INFO_INIT?FUN_INFO
  +--> ?PR?TMR0_CONFIG?TMR0
  +--> ?PR?UART0_CONFIG?UART0
  +--> ?PR?PIN_LEVEL_SCAN_CONFIG?PIN_LEVEL_SCAN
  +--> ?PR?TMR1_CONFIG?TMR1
  +--> ?PR?SPEED_SCAN_CONFIG?SPEED_SCAN
  +--> ?PR?ENGINE_SPEED_SCAN_CONFIG?ENGINE_S...
  +--> ?PR?TMR4_CNT_CONFIG?TMR4
  +--> ?PR?P03_OUTPUT_CONFIG?MY_GPIO
  +--> ?PR?ADC_CONFIG?ADC
  +--> ?PR?TMR1_ENABLE?TMR1
  +--> ?PR?PIN_LEVEL_SCAN?PIN_LEVEL_SCAN
  +--> ?PR?_ADC_SEL_PIN?ADC
  +--> ?PR?AD_KEY_SCAN?AD_KEY
  +--> ?PR?ENGINE_SPEED_SCAN?ENGINE_SPEED_SCAN
BL51 BANKED LINKER/LOCATER V6.22.4.0                                                  11/28/2024  14:06:59  PAGE 5


  +--> ?PR?SPEED_SCAN?SPEED_SCAN
  +--> ?PR?MILEAGE_SCAN?MILEAGE
  +--> ?PR?FUEL_CAPACITY_SCAN?FUEL_CAPACITY
  +--> ?PR?TEMP_OF_WATER_SCAN?TEMP_OF_WATER
  +--> ?PR?BATTERY_SCAN?BATTERY
  +--> ?PR?UART0_SCAN_HANDLE?UART0
  +--> ?PR?INSTRUCTION_SCAN?INSTRUCTION
  +--> ?PR?INSTRUCTION_HANDLE?INSTRUCTION
  +--> ?PR?TIME_UPDATE?MAIN

?PR?SYSTEM_INIT?SYSTEM                           -----    -----      -----    -----
  +--> ?PR?_DELAY?SYSTEM
  +--> ?PR?_DELAY_MS?SYSTEM

?PR?_DELAY_MS?SYSTEM                             -----    -----      -----    -----
  +--> ?PR?_DELAY?SYSTEM

?PR?FUN_INFO_INIT?FUN_INFO                       -----    -----      -----    -----
  +--> ?PR?_FLASH_READ?FLASH

?PR?_FLASH_READ?FLASH                            -----    -----      60A8H    0005H

?PR?PIN_LEVEL_SCAN_CONFIG?PIN_LEVEL_SCAN         -----    -----      -----    -----
  +--> ?PR?P21_INPUT_CONFIG?MY_GPIO
  +--> ?PR?P22_INPUT_CONFIG?MY_GPIO
  +--> ?PR?P23_INPUT_CONFIG?MY_GPIO
  +--> ?PR?P25_INPUT_CONFIG?MY_GPIO
  +--> ?PR?P30_INPUT_CONFIG?MY_GPIO
  +--> ?PR?P27_INPUT_CONFIG?MY_GPIO
  +--> ?PR?P14_INPUT_CONFIG?MY_GPIO
  +--> ?PR?P13_INPUT_CONFIG?MY_GPIO
  +--> ?PR?P10_INPUT_CONFIG?MY_GPIO
  +--> ?PR?P07_INPUT_CONFIG?MY_GPIO
  +--> ?PR?P06_INPUT_CONFIG?MY_GPIO

?PR?_ADC_SEL_PIN?ADC                             -----    -----      -----    -----
  +--> ?PR?_DELAY_MS?SYSTEM

?PR?AD_KEY_SCAN?AD_KEY                           -----    -----      60A8H    0002H
  +--> ?PR?ADC_GETVAL?ADC
  +--> ?PR?___CONVER_CUR_AD_TO_AD_KEY?AD_KEY
  +--> ?PR?_DELAY_MS?SYSTEM
  +--> ?PR?_SEND_DATA?SEND_DATA

?PR?ADC_GETVAL?ADC                               -----    -----      60AAH    000BH
  +--> ?PR?__ADC_SINGLE_CONVERT?ADC

?PR?___CONVER_CUR_AD_TO_AD_KEY?AD_KEY            -----    -----      60AAH    0002H

?PR?_SEND_DATA?SEND_DATA                         -----    -----      60ACH    0009H
  +--> ?PR?_UART0_SENDBYTE?UART0
  +--> ?PR?_DELAY_MS?SYSTEM

?PR?ENGINE_SPEED_SCAN?ENGINE_SPEED_SCAN          -----    -----      60A8H    0004H

?PR?SPEED_SCAN?SPEED_SCAN                        -----    -----      60A8H    0004H

BL51 BANKED LINKER/LOCATER V6.22.4.0                                                  11/28/2024  14:06:59  PAGE 6


?PR?MILEAGE_SCAN?MILEAGE                         -----    -----      -----    -----
  +--> ?PR?FUN_INFO_SAVE?FUN_INFO

?PR?FUN_INFO_SAVE?FUN_INFO                       -----    -----      -----    -----
  +--> ?PR?_FLASH_ERASE_SECTOR?FLASH
  +--> ?PR?_FLASH_WRITE?FLASH

?PR?_FLASH_WRITE?FLASH                           -----    -----      60ACH    0005H

?PR?FUEL_CAPACITY_SCAN?FUEL_CAPACITY             -----    -----      -----    -----
  +--> ?PR?ADC_GETVAL?ADC

?PR?TEMP_OF_WATER_SCAN?TEMP_OF_WATER             -----    -----      -----    -----
  +--> ?PR?ADC_GETVAL?ADC

?PR?BATTERY_SCAN?BATTERY                         -----    -----      60A8H    0002H
  +--> ?PR?ADC_GETVAL?ADC
  +--> ?PR?_CONVER_ADC_VAL_TO_VOLTAGE?BATTERY
  +--> ?PR?_CONVER_VOLTAGE_OF_BATTERY_TO_PER...

?PR?_CONVER_VOLTAGE_OF_BATTERY_TO_PER...         -----    -----      60AAH    0004H

?PR?UART0_SCAN_HANDLE?UART0                      0023H.4  0000H.1    60A8H    0003H
  +--> ?PR?TMR0_DISABLE?TMR0

?PR?INSTRUCTION_SCAN?INSTRUCTION                 -----    -----      60A8H    0001H

?PR?INSTRUCTION_HANDLE?INSTRUCTION               -----    -----      60A8H    0004H
  +--> ?PR?_SEND_DATA?SEND_DATA
  +--> ?PR?FUN_INFO_SAVE?FUN_INFO

?PR?TIME_UPDATE?MAIN                             -----    -----      -----    -----
  +--> ?PR?FUN_INFO_SAVE?FUN_INFO

*** NEW ROOT ***************************************************

?PR?UART0_IRQHANDLER?UART0                       -----    -----      60B5H    0001H
  +--> ?PR?TMR0_DISABLE?TMR0
  +--> ?PR?TMR0_ENABLE?TMR0

*** NEW ROOT ***************************************************

?PR?P0_IRQHANDLER?GPIO_INTERRUPT                 -----    -----      60B6H    0001H

*** NEW ROOT ***************************************************

?PR?P1_IRQHANDLER?GPIO_INTERRUPT                 -----    -----      60B7H    0001H



SYMBOL TABLE OF MODULE:  .\Release\Objects\Project (?C_STARTUP)

  VALUE           TYPE          NAME
  ----------------------------------

  -------         MODULE        ?C_STARTUP
  C:2102H         SEGMENT       ?C_C51STARTUP
BL51 BANKED LINKER/LOCATER V6.22.4.0                                                  11/28/2024  14:06:59  PAGE 7


  I:0024H         SEGMENT       ?STACK
  C:0000H         PUBLIC        ?C_STARTUP
  D:00E0H         SYMBOL        ACC
  D:00F0H         SYMBOL        B
  D:0083H         SYMBOL        DPH
  D:0082H         SYMBOL        DPL
  N:0000H         SYMBOL        IBPSTACK
  N:0100H         SYMBOL        IBPSTACKTOP
  N:0080H         SYMBOL        IDATALEN
  C:2105H         SYMBOL        IDATALOOP
  N:0000H         SYMBOL        PBPSTACK
  N:0100H         SYMBOL        PBPSTACKTOP
  N:0000H         SYMBOL        PDATALEN
  N:0000H         SYMBOL        PDATASTART
  N:0000H         SYMBOL        PPAGE
  N:0000H         SYMBOL        PPAGEENABLE
  D:00A0H         SYMBOL        PPAGE_SFR
  D:0081H         SYMBOL        SP
  C:2102H         SYMBOL        STARTUP1
  N:0000H         SYMBOL        XBPSTACK
  N:0000H         SYMBOL        XBPSTACKTOP
  N:0000H         SYMBOL        XDATALEN
  N:0000H         SYMBOL        XDATASTART
  C:0000H         LINE#         126
  C:2102H         LINE#         133
  C:2104H         LINE#         134
  C:2105H         LINE#         135
  C:2106H         LINE#         136
  C:2108H         LINE#         185
  C:210BH         LINE#         196
  -------         ENDMOD        ?C_STARTUP

  -------         MODULE        SYSTEM
  C:0000H         SYMBOL        _ICE_DUMMY_
  D:00A7H         PUBLIC        FLASH_TIMEREG0
  C:2AC7H         PUBLIC        _delay
  D:00ACH         PUBLIC        FLASH_TIMEREG1
  C:1D3AH         PUBLIC        system_init
  C:28ECH         PUBLIC        _delay_ms
  -------         PROC          _DELAY
  D:0006H         SYMBOL        cnt
  C:2AC7H         LINE#         37
  C:2AC7H         LINE#         38
  C:2AC7H         LINE#         39
  C:2AD1H         LINE#         40
  C:2AD1H         LINE#         41
  C:2AD1H         LINE#         42
  -------         ENDPROC       _DELAY
  -------         PROC          _DELAY_MS
  D:0002H         SYMBOL        ms
  C:28ECH         LINE#         49
  C:28F0H         LINE#         50
  C:28F0H         LINE#         51
  C:28FAH         LINE#         52
  C:28FAH         LINE#         56
  C:2901H         LINE#         57
  C:2903H         LINE#         58
BL51 BANKED LINKER/LOCATER V6.22.4.0                                                  11/28/2024  14:06:59  PAGE 8


  -------         ENDPROC       _DELAY_MS
  -------         PROC          SYSTEM_INIT
  -------         DO            
  D:0007H         SYMBOL        i
  -------         ENDDO         
  C:1D3AH         LINE#         65
  C:1D3AH         LINE#         66
  C:1D3AH         LINE#         69
  C:1D41H         LINE#         70
  C:1D4EH         LINE#         71
  C:1D51H         LINE#         74
  C:1D54H         LINE#         75
  C:1D5AH         LINE#         76
  C:1D60H         LINE#         77
  C:1D66H         LINE#         78
  C:1D6CH         LINE#         79
  C:1D73H         LINE#         83
  C:1D75H         LINE#         84
  C:1D75H         LINE#         85
  C:1D82H         LINE#         86
  C:1D87H         LINE#         88
  C:1E15H         LINE#         89
  -------         ENDPROC       SYSTEM_INIT
  -------         ENDMOD        SYSTEM

  -------         MODULE        MY_GPIO
  C:0000H         SYMBOL        _ICE_DUMMY_
  B:0080H.1       PUBLIC        P01
  B:0090H.1       PUBLIC        P11
  B:00A0H.6       PUBLIC        P26
  C:2A45H         PUBLIC        p10_input_config
  C:002DH         PUBLIC        p01_output_config
  C:2AADH         PUBLIC        p30_input_config
  C:2A6CH         PUBLIC        p21_input_config
  C:2A79H         PUBLIC        p22_input_config
  C:2A52H         PUBLIC        p13_input_config
  C:2A86H         PUBLIC        p23_input_config
  C:2A5FH         PUBLIC        p14_input_config
  C:29DDH         PUBLIC        p03_output_config
  C:2A2BH         PUBLIC        p06_input_config
  C:2A93H         PUBLIC        p25_input_config
  C:2A38H         PUBLIC        p07_input_config
  C:2AA0H         PUBLIC        p27_input_config
  C:2998H         PUBLIC        p26_output_config
  C:2986H         PUBLIC        output_pin_init
  -------         PROC          OUTPUT_PIN_INIT
  C:2986H         LINE#         6
  C:2986H         LINE#         7
  C:2986H         LINE#         8
  C:298CH         LINE#         9
  C:2990H         LINE#         11
  C:2995H         LINE#         14
  C:2997H         LINE#         15
  -------         ENDPROC       OUTPUT_PIN_INIT
  -------         PROC          P01_OUTPUT_CONFIG
  C:002DH         LINE#         49
  C:002DH         LINE#         50
BL51 BANKED LINKER/LOCATER V6.22.4.0                                                  11/28/2024  14:06:59  PAGE 9


  C:002DH         LINE#         51
  C:0033H         LINE#         52
  C:0037H         LINE#         54
  C:003CH         LINE#         56
  C:0042H         LINE#         57
  C:0047H         LINE#         61
  C:0049H         LINE#         62
  -------         ENDPROC       P01_OUTPUT_CONFIG
  -------         PROC          P03_OUTPUT_CONFIG
  C:29DDH         LINE#         67
  C:29DDH         LINE#         68
  C:29DDH         LINE#         69
  C:29E3H         LINE#         70
  C:29E7H         LINE#         72
  C:29ECH         LINE#         73
  -------         ENDPROC       P03_OUTPUT_CONFIG
  -------         PROC          P26_OUTPUT_CONFIG
  C:2998H         LINE#         78
  C:2998H         LINE#         79
  C:2998H         LINE#         80
  C:299EH         LINE#         81
  C:29A2H         LINE#         83
  C:29A7H         LINE#         86
  C:29A9H         LINE#         87
  -------         ENDPROC       P26_OUTPUT_CONFIG
  -------         PROC          P06_INPUT_CONFIG
  C:2A2BH         LINE#         90
  C:2A2BH         LINE#         91
  C:2A2BH         LINE#         93
  C:2A31H         LINE#         95
  C:2A37H         LINE#         96
  -------         ENDPROC       P06_INPUT_CONFIG
  -------         PROC          P07_INPUT_CONFIG
  C:2A38H         LINE#         99
  C:2A38H         LINE#         100
  C:2A38H         LINE#         102
  C:2A3EH         LINE#         104
  C:2A44H         LINE#         105
  -------         ENDPROC       P07_INPUT_CONFIG
  -------         PROC          P10_INPUT_CONFIG
  C:2A45H         LINE#         108
  C:2A45H         LINE#         109
  C:2A45H         LINE#         111
  C:2A4BH         LINE#         113
  C:2A51H         LINE#         114
  -------         ENDPROC       P10_INPUT_CONFIG
  -------         PROC          P13_INPUT_CONFIG
  C:2A52H         LINE#         117
  C:2A52H         LINE#         118
  C:2A52H         LINE#         120
  C:2A58H         LINE#         122
  C:2A5EH         LINE#         123
  -------         ENDPROC       P13_INPUT_CONFIG
  -------         PROC          P14_INPUT_CONFIG
  C:2A5FH         LINE#         126
  C:2A5FH         LINE#         127
  C:2A5FH         LINE#         129
BL51 BANKED LINKER/LOCATER V6.22.4.0                                                  11/28/2024  14:06:59  PAGE 10


  C:2A65H         LINE#         131
  C:2A6BH         LINE#         132
  -------         ENDPROC       P14_INPUT_CONFIG
  -------         PROC          P21_INPUT_CONFIG
  C:2A6CH         LINE#         144
  C:2A6CH         LINE#         145
  C:2A6CH         LINE#         147
  C:2A72H         LINE#         149
  C:2A78H         LINE#         150
  -------         ENDPROC       P21_INPUT_CONFIG
  -------         PROC          P22_INPUT_CONFIG
  C:2A79H         LINE#         153
  C:2A79H         LINE#         154
  C:2A79H         LINE#         156
  C:2A7FH         LINE#         158
  C:2A85H         LINE#         159
  -------         ENDPROC       P22_INPUT_CONFIG
  -------         PROC          P23_INPUT_CONFIG
  C:2A86H         LINE#         162
  C:2A86H         LINE#         163
  C:2A86H         LINE#         165
  C:2A8CH         LINE#         167
  C:2A92H         LINE#         168
  -------         ENDPROC       P23_INPUT_CONFIG
  -------         PROC          P25_INPUT_CONFIG
  C:2A93H         LINE#         171
  C:2A93H         LINE#         172
  C:2A93H         LINE#         174
  C:2A99H         LINE#         176
  C:2A9FH         LINE#         177
  -------         ENDPROC       P25_INPUT_CONFIG
  -------         PROC          P27_INPUT_CONFIG
  C:2AA0H         LINE#         180
  C:2AA0H         LINE#         181
  C:2AA0H         LINE#         183
  C:2AA6H         LINE#         185
  C:2AACH         LINE#         186
  -------         ENDPROC       P27_INPUT_CONFIG
  -------         PROC          P30_INPUT_CONFIG
  C:2AADH         LINE#         189
  C:2AADH         LINE#         190
  C:2AADH         LINE#         192
  C:2AB3H         LINE#         194
  C:2AB9H         LINE#         195
  -------         ENDPROC       P30_INPUT_CONFIG
  -------         ENDMOD        MY_GPIO

  -------         MODULE        TMR0
  C:0000H         SYMBOL        _ICE_DUMMY_
  C:24E9H         PUBLIC        TIMR0_IRQHandler
  X:60EEH         PUBLIC        tmr0_cnt
  C:295EH         PUBLIC        tmr0_disable
  D:00A8H         PUBLIC        IE0
  D:00A9H         PUBLIC        IE1
  D:00AAH         PUBLIC        IE2
  D:00ABH         PUBLIC        IE3
  D:00B8H         PUBLIC        IP0
BL51 BANKED LINKER/LOCATER V6.22.4.0                                                  11/28/2024  14:06:59  PAGE 11


  D:00B1H         PUBLIC        IP1
  D:00B2H         PUBLIC        IP2
  D:00B3H         PUBLIC        IP3
  D:00B4H         PUBLIC        IP4
  D:00B5H         PUBLIC        IP5
  D:00B6H         PUBLIC        IP6
  C:29EDH         PUBLIC        tmr0_enable
  D:00B7H         PUBLIC        IP7
  C:2655H         PUBLIC        tmr0_config
  B:00A8H.7       PUBLIC        IE_EA
  -------         PROC          TMR0_CONFIG
  C:2655H         LINE#         13
  C:2655H         LINE#         14
  C:2655H         LINE#         15
  C:265BH         LINE#         16
  C:265EH         LINE#         17
  C:2660H         LINE#         20
  C:2664H         LINE#         21
  C:2666H         LINE#         23
  C:266CH         LINE#         24
  C:2670H         LINE#         25
  C:2674H         LINE#         26
  C:2678H         LINE#         28
  C:267DH         LINE#         29
  C:2681H         LINE#         31
  C:2686H         LINE#         32
  C:268AH         LINE#         34
  C:2690H         LINE#         35
  C:2694H         LINE#         36
  -------         ENDPROC       TMR0_CONFIG
  -------         PROC          TMR0_ENABLE
  C:29EDH         LINE#         41
  C:29EDH         LINE#         42
  C:29EDH         LINE#         44
  C:29F3H         LINE#         45
  C:29F7H         LINE#         47
  C:29FAH         LINE#         48
  C:29FCH         LINE#         49
  -------         ENDPROC       TMR0_ENABLE
  -------         PROC          TMR0_DISABLE
  C:295EH         LINE#         54
  C:295EH         LINE#         55
  C:295EH         LINE#         57
  C:2964H         LINE#         58
  C:2968H         LINE#         61
  C:296CH         LINE#         62
  C:296EH         LINE#         64
  C:2971H         LINE#         65
  -------         ENDPROC       TMR0_DISABLE
  -------         PROC          TIMR0_IRQHANDLER
  C:24E9H         LINE#         68
  C:2500H         LINE#         71
  C:2500H         LINE#         76
  C:2506H         LINE#         77
  C:2506H         LINE#         78
  C:250AH         LINE#         80
  C:2523H         LINE#         92
BL51 BANKED LINKER/LOCATER V6.22.4.0                                                  11/28/2024  14:06:59  PAGE 12


  C:2523H         LINE#         95
  C:2523H         LINE#         96
  -------         ENDPROC       TIMR0_IRQHANDLER
  -------         ENDMOD        TMR0

  -------         MODULE        TMR1
  C:0000H         SYMBOL        _ICE_DUMMY_
  C:191FH         PUBLIC        TIMR1_IRQHandler
  D:00A8H         PUBLIC        IE0
  C:2972H         PUBLIC        tmr1_disable
  D:00A9H         PUBLIC        IE1
  D:00AAH         PUBLIC        IE2
  D:00ABH         PUBLIC        IE3
  D:00B8H         PUBLIC        IP0
  D:00B1H         PUBLIC        IP1
  D:00B2H         PUBLIC        IP2
  D:00B3H         PUBLIC        IP3
  D:00B4H         PUBLIC        IP4
  D:00B5H         PUBLIC        IP5
  D:00B6H         PUBLIC        IP6
  D:00B7H         PUBLIC        IP7
  C:29FDH         PUBLIC        tmr1_enable
  C:2695H         PUBLIC        tmr1_config
  B:00A8H.7       PUBLIC        IE_EA
  -------         PROC          TMR1_CONFIG
  C:2695H         LINE#         15
  C:2695H         LINE#         16
  C:2695H         LINE#         17
  C:269BH         LINE#         18
  C:269EH         LINE#         19
  C:26A0H         LINE#         22
  C:26A4H         LINE#         23
  C:26A6H         LINE#         25
  C:26ACH         LINE#         26
  C:26B0H         LINE#         27
  C:26B4H         LINE#         28
  C:26B8H         LINE#         30
  C:26BDH         LINE#         31
  C:26C1H         LINE#         34
  C:26C6H         LINE#         35
  C:26CAH         LINE#         37
  C:26D0H         LINE#         38
  C:26D4H         LINE#         39
  -------         ENDPROC       TMR1_CONFIG
  -------         PROC          TMR1_ENABLE
  C:29FDH         LINE#         44
  C:29FDH         LINE#         45
  C:29FDH         LINE#         47
  C:2A03H         LINE#         48
  C:2A07H         LINE#         50
  C:2A0AH         LINE#         51
  C:2A0CH         LINE#         52
  -------         ENDPROC       TMR1_ENABLE
  -------         PROC          TMR1_DISABLE
  C:2972H         LINE#         57
  C:2972H         LINE#         58
  C:2972H         LINE#         60
BL51 BANKED LINKER/LOCATER V6.22.4.0                                                  11/28/2024  14:06:59  PAGE 13


  C:2978H         LINE#         61
  C:297CH         LINE#         64
  C:2980H         LINE#         65
  C:2982H         LINE#         67
  C:2985H         LINE#         68
  -------         ENDPROC       TMR1_DISABLE
  -------         PROC          TIMR1_IRQHANDLER
  C:191FH         LINE#         71
  C:193CH         LINE#         74
  C:193CH         LINE#         79
  C:1945H         LINE#         80
  C:1945H         LINE#         81
  C:1949H         LINE#         84
  C:195BH         LINE#         85
  C:195BH         LINE#         86
  C:1974H         LINE#         87
  C:1974H         LINE#         89
  C:1986H         LINE#         90
  C:1986H         LINE#         91
  C:199FH         LINE#         92
  C:199FH         LINE#         94
  C:19B1H         LINE#         95
  C:19B1H         LINE#         96
  C:19CAH         LINE#         97
  C:19CAH         LINE#         99
  C:19DCH         LINE#         100
  C:19DCH         LINE#         101
  C:19F5H         LINE#         102
  C:19F5H         LINE#         104
  C:1A07H         LINE#         105
  C:1A07H         LINE#         106
  C:1A20H         LINE#         107
  C:1A20H         LINE#         117
  C:1A20H         LINE#         120
  C:1A20H         LINE#         121
  -------         ENDPROC       TIMR1_IRQHANDLER
  -------         ENDMOD        TMR1

  -------         MODULE        TMR2
  C:0000H         SYMBOL        _ICE_DUMMY_
  C:2449H         PUBLIC        TIMR2_IRQHandler
  X:60F2H         PUBLIC        tmr2_cnt
  D:00A8H         PUBLIC        IE0
  D:00A9H         PUBLIC        IE1
  C:291CH         PUBLIC        tmr2_disable
  D:00AAH         PUBLIC        IE2
  D:00ABH         PUBLIC        IE3
  D:00B8H         PUBLIC        IP0
  D:00B1H         PUBLIC        IP1
  D:00B2H         PUBLIC        IP2
  D:00B3H         PUBLIC        IP3
  D:00B4H         PUBLIC        IP4
  D:00B5H         PUBLIC        IP5
  D:00B6H         PUBLIC        IP6
  D:00B7H         PUBLIC        IP7
  C:29AAH         PUBLIC        tmr2_enable
  C:2585H         PUBLIC        tmr2_config
BL51 BANKED LINKER/LOCATER V6.22.4.0                                                  11/28/2024  14:06:59  PAGE 14


  B:00A8H.7       PUBLIC        IE_EA
  -------         PROC          TMR2_CONFIG
  C:2585H         LINE#         13
  C:2585H         LINE#         14
  C:2585H         LINE#         15
  C:258BH         LINE#         16
  C:258EH         LINE#         17
  C:2590H         LINE#         20
  C:2595H         LINE#         21
  C:2597H         LINE#         23
  C:259EH         LINE#         24
  C:25A2H         LINE#         25
  C:25A6H         LINE#         26
  C:25AAH         LINE#         28
  C:25AFH         LINE#         29
  C:25B3H         LINE#         32
  C:25B9H         LINE#         33
  C:25BFH         LINE#         35
  C:25C6H         LINE#         36
  C:25CAH         LINE#         37
  -------         ENDPROC       TMR2_CONFIG
  -------         PROC          TMR2_ENABLE
  C:29AAH         LINE#         42
  C:29AAH         LINE#         43
  C:29AAH         LINE#         45
  C:29B1H         LINE#         46
  C:29B5H         LINE#         48
  C:29B8H         LINE#         49
  C:29BAH         LINE#         50
  -------         ENDPROC       TMR2_ENABLE
  -------         PROC          TMR2_DISABLE
  C:291CH         LINE#         55
  C:291CH         LINE#         56
  C:291CH         LINE#         58
  C:2923H         LINE#         59
  C:2927H         LINE#         62
  C:292CH         LINE#         63
  C:292EH         LINE#         65
  C:2931H         LINE#         66
  -------         ENDPROC       TMR2_DISABLE
  -------         PROC          TIMR2_IRQHANDLER
  C:2449H         LINE#         69
  C:2460H         LINE#         72
  C:2460H         LINE#         75
  C:2467H         LINE#         76
  C:2467H         LINE#         77
  C:246BH         LINE#         78
  C:2484H         LINE#         79
  C:2484H         LINE#         82
  C:2484H         LINE#         83
  -------         ENDPROC       TIMR2_IRQHANDLER
  -------         ENDMOD        TMR2

  -------         MODULE        TMR3
  C:0000H         SYMBOL        _ICE_DUMMY_
  C:2499H         PUBLIC        TIMR3_IRQHandler
  X:60F6H         PUBLIC        tmr3_cnt
BL51 BANKED LINKER/LOCATER V6.22.4.0                                                  11/28/2024  14:06:59  PAGE 15


  D:00A8H         PUBLIC        IE0
  D:00A9H         PUBLIC        IE1
  D:00AAH         PUBLIC        IE2
  C:2932H         PUBLIC        tmr3_disable
  D:00ABH         PUBLIC        IE3
  D:00B8H         PUBLIC        IP0
  D:00B1H         PUBLIC        IP1
  D:00B2H         PUBLIC        IP2
  D:00B3H         PUBLIC        IP3
  D:00B4H         PUBLIC        IP4
  D:00B5H         PUBLIC        IP5
  D:00B6H         PUBLIC        IP6
  D:00B7H         PUBLIC        IP7
  C:29BBH         PUBLIC        tmr3_enable
  C:25CBH         PUBLIC        tmr3_config
  B:00A8H.7       PUBLIC        IE_EA
  -------         PROC          TMR3_CONFIG
  C:25CBH         LINE#         12
  C:25CBH         LINE#         13
  C:25CBH         LINE#         14
  C:25D1H         LINE#         15
  C:25D4H         LINE#         16
  C:25D6H         LINE#         19
  C:25DBH         LINE#         20
  C:25DDH         LINE#         23
  C:25E4H         LINE#         24
  C:25E8H         LINE#         25
  C:25ECH         LINE#         26
  C:25F0H         LINE#         28
  C:25F5H         LINE#         29
  C:25F9H         LINE#         32
  C:25FFH         LINE#         33
  C:2605H         LINE#         35
  C:260CH         LINE#         36
  C:2610H         LINE#         37
  -------         ENDPROC       TMR3_CONFIG
  -------         PROC          TMR3_ENABLE
  C:29BBH         LINE#         40
  C:29BBH         LINE#         41
  C:29BBH         LINE#         43
  C:29C2H         LINE#         44
  C:29C6H         LINE#         46
  C:29C9H         LINE#         47
  C:29CBH         LINE#         48
  -------         ENDPROC       TMR3_ENABLE
  -------         PROC          TMR3_DISABLE
  C:2932H         LINE#         51
  C:2932H         LINE#         52
  C:2932H         LINE#         54
  C:2939H         LINE#         55
  C:293DH         LINE#         58
  C:2942H         LINE#         59
  C:2944H         LINE#         61
  C:2947H         LINE#         62
  -------         ENDPROC       TMR3_DISABLE
  -------         PROC          TIMR3_IRQHANDLER
  C:2499H         LINE#         65
BL51 BANKED LINKER/LOCATER V6.22.4.0                                                  11/28/2024  14:06:59  PAGE 16


  C:24B0H         LINE#         68
  C:24B0H         LINE#         72
  C:24B7H         LINE#         73
  C:24B7H         LINE#         74
  C:24BBH         LINE#         76
  C:24D4H         LINE#         77
  C:24D4H         LINE#         80
  C:24D4H         LINE#         81
  -------         ENDPROC       TIMR3_IRQHANDLER
  -------         ENDMOD        TMR3

  -------         MODULE        TMR4
  C:0000H         SYMBOL        _ICE_DUMMY_
  C:2904H         PUBLIC        tmr4_cnt_config
  D:00D1H         PUBLIC        TMR_ALLCON
  D:00DAH         PUBLIC        TMR4_CON0
  D:00E2H         PUBLIC        TMR4_CLR0
  D:00DEH         PUBLIC        TMR4_EN
  X:60FAH         PUBLIC        tmr4_cnt
  C:2538H         PUBLIC        TMR4_IRQHandler
  D:00A8H         PUBLIC        IE0
  D:00E6H         PUBLIC        TMR4_CAP10
  D:00A9H         PUBLIC        IE1
  D:00E7H         PUBLIC        TMR4_CAP11
  D:00AAH         PUBLIC        IE2
  D:00ABH         PUBLIC        IE3
  D:00DFH         PUBLIC        TMR4_IE0
  D:00B8H         PUBLIC        IP0
  D:00B1H         PUBLIC        IP1
  D:00B2H         PUBLIC        IP2
  D:00B3H         PUBLIC        IP3
  D:00B4H         PUBLIC        IP4
  D:00B5H         PUBLIC        IP5
  D:00B6H         PUBLIC        IP6
  D:00B7H         PUBLIC        IP7
  D:00EEH         PUBLIC        TMR4_FLAG0
  B:00A8H.7       PUBLIC        IE_EA
  -------         PROC          TMR4_CNT_CONFIG
  C:2904H         LINE#         33
  C:2904H         LINE#         34
  C:2904H         LINE#         36
  C:2907H         LINE#         37
  C:290AH         LINE#         38
  C:290DH         LINE#         39
  C:2910H         LINE#         40
  C:2913H         LINE#         43
  C:2916H         LINE#         44
  C:2919H         LINE#         46
  C:291BH         LINE#         47
  -------         ENDPROC       TMR4_CNT_CONFIG
  -------         PROC          TMR4_IRQHANDLER
  C:2538H         LINE#         49
  C:254FH         LINE#         52
  C:254FH         LINE#         57
  C:2554H         LINE#         58
  C:2554H         LINE#         59
  C:2557H         LINE#         60
BL51 BANKED LINKER/LOCATER V6.22.4.0                                                  11/28/2024  14:06:59  PAGE 17


  C:2570H         LINE#         61
  C:2570H         LINE#         64
  C:2570H         LINE#         65
  -------         ENDPROC       TMR4_IRQHANDLER
  -------         ENDMOD        TMR4

  -------         MODULE        UART0
  C:0000H         SYMBOL        _ICE_DUMMY_
  C:14E5H         PUBLIC        UART0_IRQHandler
  X:6000H         SYMBOL        cur_recv_len
  C:2843H         PUBLIC        _uart0_send_buff
  X:6001H         SYMBOL        blank_index
  D:00D5H         PUBLIC        UART0_BAUD0
  D:00D6H         PUBLIC        UART0_BAUD1
  X:6005H         PUBLIC        uart0_recv_buf
  X:6023H         PUBLIC        uart0_recv_len
  B:0023H.3       SYMBOL        flag_is_recving_data
  X:6026H         SYMBOL        frame_len
  C:2ABAH         PUBLIC        _uart0_sendbyte
  D:00D4H         PUBLIC        UART0_STA
  X:6027H         PUBLIC        recved_flagbuf
  C:2611H         PUBLIC        _uart_clear_single_instruction
  D:00A8H         PUBLIC        IE0
  D:00A9H         PUBLIC        IE1
  D:00AAH         PUBLIC        IE2
  D:00ABH         PUBLIC        IE3
  C:1364H         PUBLIC        uart0_scan_handle
  X:602AH         PUBLIC        recv_frame_cnt
  C:27F9H         PUBLIC        uart0_config
  D:00B8H         PUBLIC        IP0
  D:00B1H         PUBLIC        IP1
  D:00B2H         PUBLIC        IP2
  D:00B3H         PUBLIC        IP3
  D:00B4H         PUBLIC        IP4
  D:00B5H         PUBLIC        IP5
  D:00B6H         PUBLIC        IP6
  D:00B7H         PUBLIC        IP7
  D:00D2H         PUBLIC        UART0_CON0
  C:220EH         PUBLIC        __uart_buff_check
  D:00D7H         PUBLIC        UART0_DATA
  B:00A8H.7       PUBLIC        IE_EA
  X:602BH         PUBLIC        flagbuf_valid_instruction
  C:2A1DH         PUBLIC        _putchar
  -------         PROC          _PUTCHAR
  X:6109H         SYMBOL        c
  C:2A1DH         LINE#         31
  C:2A22H         LINE#         32
  C:2A22H         LINE#         33
  C:2A25H         LINE#         34
  C:2A2AH         LINE#         35
  -------         ENDPROC       _PUTCHAR
  -------         PROC          UART0_CONFIG
  C:27F9H         LINE#         39
  C:27F9H         LINE#         40
  C:27F9H         LINE#         42
  C:27FDH         LINE#         43
  C:2801H         LINE#         44
BL51 BANKED LINKER/LOCATER V6.22.4.0                                                  11/28/2024  14:06:59  PAGE 18


  C:2808H         LINE#         45
  C:280FH         LINE#         47
  C:2812H         LINE#         48
  C:2814H         LINE#         50
  C:2817H         LINE#         51
  C:281AH         LINE#         52
  C:281DH         LINE#         57
  -------         ENDPROC       UART0_CONFIG
  -------         PROC          UART0_IRQHANDLER
  -------         DO            
  X:60B5H         SYMBOL        uart0_tmp_val
  -------         ENDDO         
  C:14E5H         LINE#         60
  C:1502H         LINE#         62
  C:1507H         LINE#         65
  C:1507H         LINE#         68
  C:150FH         LINE#         69
  C:150FH         LINE#         71
  C:1512H         LINE#         73
  C:1522H         LINE#         75
  C:1522H         LINE#         79
  C:1522H         LINE#         80
  C:1522H         LINE#         81
  C:1525H         LINE#         83
  C:1525H         LINE#         86
  C:152CH         LINE#         87
  C:152CH         LINE#         90
  C:152EH         LINE#         91
  C:1533H         LINE#         92
  C:1537H         LINE#         93
  C:153AH         LINE#         94
  C:1544H         LINE#         95
  C:1547H         LINE#         96
  C:1547H         LINE#         98
  C:154EH         LINE#         99
  C:154EH         LINE#         101
  C:1556H         LINE#         104
  C:1556H         LINE#         107
  C:156CH         LINE#         108
  C:156CH         LINE#         110
  C:15A5H         LINE#         112
  C:15AFH         LINE#         115
  C:15C4H         LINE#         117
  C:15C4H         LINE#         119
  C:15DBH         LINE#         121
  C:15DDH         LINE#         122
  C:15E2H         LINE#         123
  C:15E6H         LINE#         125
  C:15F9H         LINE#         126
  C:15FFH         LINE#         128
  C:1618H         LINE#         129
  C:162AH         LINE#         130
  C:162AH         LINE#         131
  C:1634H         LINE#         132
  C:1634H         LINE#         157
  C:1634H         LINE#         158
  C:1637H         LINE#         159
BL51 BANKED LINKER/LOCATER V6.22.4.0                                                  11/28/2024  14:06:59  PAGE 19


  C:1641H         LINE#         160
  C:1641H         LINE#         162
  C:1641H         LINE#         163
  C:1641H         LINE#         165
  C:1641H         LINE#         170
  C:1641H         LINE#         173
  C:1641H         LINE#         174
  -------         ENDPROC       UART0_IRQHANDLER
  -------         PROC          _UART0_SENDBYTE
  D:0007H         SYMBOL        senddata
  C:2ABAH         LINE#         177
  C:2ABAH         LINE#         178
  C:2ABAH         LINE#         179
  C:2ABFH         LINE#         181
  C:2AC1H         LINE#         182
  C:2AC6H         LINE#         184
  -------         ENDPROC       _UART0_SENDBYTE
  -------         PROC          _UART0_SEND_BUFF
  X:6102H         SYMBOL        buf
  D:0005H         SYMBOL        len
  -------         DO            
  D:0006H         SYMBOL        i
  -------         ENDDO         
  C:2843H         LINE#         187
  C:2849H         LINE#         188
  C:2849H         LINE#         189
  C:284BH         LINE#         190
  C:2850H         LINE#         191
  C:2850H         LINE#         192
  C:2862H         LINE#         193
  C:2865H         LINE#         194
  -------         ENDPROC       _UART0_SEND_BUFF
  -------         PROC          UART0_SCAN_HANDLE
  -------         DO            
  X:60A8H         SYMBOL        i
  X:60A9H         SYMBOL        checksum
  B:0023H.4       SYMBOL        __flag_is_crc_or_len_err
  -------         DO            
  X:60AAH         SYMBOL        __loop_crc_cnt
  -------         ENDDO         
  -------         ENDDO         
  C:1364H         LINE#         198
  C:1364H         LINE#         199
  C:1364H         LINE#         200
  C:1369H         LINE#         201
  C:136BH         LINE#         202
  C:136DH         LINE#         206
  C:137EH         LINE#         207
  C:137EH         LINE#         211
  C:1381H         LINE#         212
  C:138BH         LINE#         215
  C:1390H         LINE#         216
  C:1394H         LINE#         217
  C:1397H         LINE#         241
  C:1397H         LINE#         245
  C:13A9H         LINE#         246
  C:13A9H         LINE#         247
BL51 BANKED LINKER/LOCATER V6.22.4.0                                                  11/28/2024  14:06:59  PAGE 20


  C:13B9H         LINE#         248
  C:13B9H         LINE#         252
  C:13DAH         LINE#         253
  C:13DAH         LINE#         260
  C:13E9H         LINE#         261
  C:13EFH         LINE#         262
  C:140EH         LINE#         265
  C:140EH         LINE#         267
  C:140EH         LINE#         268
  C:1413H         LINE#         269
  C:1417H         LINE#         270
  C:1433H         LINE#         271
  C:1433H         LINE#         272
  C:1453H         LINE#         273
  C:1459H         LINE#         276
  C:145EH         LINE#         277
  C:148FH         LINE#         278
  C:148FH         LINE#         280
  C:1491H         LINE#         281
  C:1491H         LINE#         282
  C:1491H         LINE#         284
  C:1494H         LINE#         285
  C:1494H         LINE#         290
  C:1496H         LINE#         291
  C:14A6H         LINE#         292
  C:14ACH         LINE#         293
  C:14CBH         LINE#         294
  C:14CBH         LINE#         297
  C:14DBH         LINE#         298
  C:14DBH         LINE#         299
  C:14E4H         LINE#         300
  -------         ENDPROC       UART0_SCAN_HANDLE
  -------         PROC          _UART_CLEAR_SINGLE_INSTRUCTION
  D:0007H         SYMBOL        index
  C:2611H         LINE#         303
  C:2611H         LINE#         304
  C:2611H         LINE#         305
  C:261DH         LINE#         306
  C:2629H         LINE#         307
  C:2635H         LINE#         308
  -------         ENDPROC       _UART_CLEAR_SINGLE_INSTRUCTION
  -------         PROC          __UART_BUFF_CHECK
  -------         DO            
  X:6105H         SYMBOL        i
  X:6106H         SYMBOL        k
  -------         ENDDO         
  C:220EH         LINE#         314
  C:220EH         LINE#         315
  C:220EH         LINE#         316
  C:2213H         LINE#         318
  C:2215H         LINE#         322
  C:2223H         LINE#         323
  C:2223H         LINE#         324
  C:222AH         LINE#         325
  C:222FH         LINE#         326
  C:223CH         LINE#         327
  C:223CH         LINE#         328
BL51 BANKED LINKER/LOCATER V6.22.4.0                                                  11/28/2024  14:06:59  PAGE 21


  C:226AH         LINE#         329
  C:2272H         LINE#         331
  C:227BH         LINE#         332
  C:2283H         LINE#         334
  -------         ENDPROC       __UART_BUFF_CHECK
  -------         ENDMOD        UART0

  -------         MODULE        ADC
  C:0000H         SYMBOL        _ICE_DUMMY_
  C:281EH         PUBLIC        adc_config
  C:1C4BH         PUBLIC        adc_getval
  C:2866H         SYMBOL        __adc_single_convert
  D:0099H         PUBLIC        ADC_CHS0
  D:0093H         PUBLIC        ADC_DATAH0
  D:0094H         PUBLIC        ADC_DATAL0
  X:6107H         PUBLIC        adc_val
  C:277BH         PUBLIC        _adc_sel_pin
  -------         PROC          ADC_CONFIG
  C:281EH         LINE#         7
  C:281EH         LINE#         8
  C:281EH         LINE#         13
  C:2824H         LINE#         15
  C:2828H         LINE#         18
  C:282DH         LINE#         21
  C:2834H         LINE#         22
  C:2838H         LINE#         24
  C:283CH         LINE#         25
  C:2842H         LINE#         28
  -------         ENDPROC       ADC_CONFIG
  -------         PROC          _ADC_SEL_PIN
  D:0007H         SYMBOL        adc_pin
  C:277BH         LINE#         32
  C:277BH         LINE#         33
  C:277BH         LINE#         34
  C:278AH         LINE#         35
  C:278AH         LINE#         36
  C:278AH         LINE#         37
  C:278DH         LINE#         39
  C:278DH         LINE#         41
  C:278FH         LINE#         43
  C:278FH         LINE#         44
  C:2792H         LINE#         46
  C:2792H         LINE#         48
  C:2794H         LINE#         50
  C:2794H         LINE#         51
  C:2797H         LINE#         53
  C:2797H         LINE#         55
  C:2799H         LINE#         57
  C:2799H         LINE#         58
  C:279CH         LINE#         60
  C:27A2H         LINE#         62
  C:27A2H         LINE#         63
  C:27A2H         LINE#         65
  -------         ENDPROC       _ADC_SEL_PIN
  -------         PROC          __ADC_SINGLE_CONVERT
  C:2866H         LINE#         69
  C:2866H         LINE#         70
BL51 BANKED LINKER/LOCATER V6.22.4.0                                                  11/28/2024  14:06:59  PAGE 22


  C:2866H         LINE#         71
  C:286CH         LINE#         72
  C:2872H         LINE#         74
  C:2875H         LINE#         75
  C:2888H         LINE#         76
  -------         ENDPROC       __ADC_SINGLE_CONVERT
  -------         PROC          ADC_GETVAL
  -------         DO            
  X:60AAH         SYMBOL        __adc_val_tmp
  X:60ACH         SYMBOL        __adc_val_sum
  X:60B0H         SYMBOL        __get_adcmax
  X:60B2H         SYMBOL        __get_adcmin
  X:60B4H         SYMBOL        i
  -------         ENDDO         
  C:1C4BH         LINE#         79
  C:1C4BH         LINE#         80
  C:1C4BH         LINE#         81
  C:1C52H         LINE#         82
  C:1C5AH         LINE#         83
  C:1C61H         LINE#         84
  C:1C67H         LINE#         85
  C:1C6AH         LINE#         87
  C:1C6BH         LINE#         88
  C:1C6BH         LINE#         89
  C:1C76H         LINE#         90
  C:1C7FH         LINE#         91
  C:1C7FH         LINE#         92
  C:1C95H         LINE#         93
  C:1C9DH         LINE#         94
  C:1CACH         LINE#         95
  C:1CBBH         LINE#         96
  C:1CD3H         LINE#         97
  C:1CDFH         LINE#         99
  C:1D03H         LINE#         100
  C:1D26H         LINE#         101
  C:1D39H         LINE#         103
  C:1D39H         LINE#         104
  -------         ENDPROC       ADC_GETVAL
  -------         ENDMOD        ADC

  -------         MODULE        FLASH
  C:0000H         SYMBOL        _ICE_DUMMY_
  C:2747H         PUBLIC        _flash_read
  C:2710H         PUBLIC        _flash_write
  D:00A4H         PUBLIC        FLASH_CON
  D:00A5H         PUBLIC        FLASH_STA
  D:00AEH         PUBLIC        FLASH_PASSWORD
  D:00A6H         PUBLIC        FLASH_DATA
  D:00AFH         PUBLIC        FLASH_ADDR
  C:29CCH         PUBLIC        _flash_erase_sector
  -------         PROC          _FLASH_ERASE_SECTOR
  D:0007H         SYMBOL        addr
  C:29CCH         LINE#         11
  C:29CCH         LINE#         12
  C:29CCH         LINE#         13
  C:29CFH         LINE#         14
  C:29D1H         LINE#         15
BL51 BANKED LINKER/LOCATER V6.22.4.0                                                  11/28/2024  14:06:59  PAGE 23


  C:29D4H         LINE#         16
  C:29D7H         LINE#         18
  C:29DCH         LINE#         20
  -------         ENDPROC       _FLASH_ERASE_SECTOR
  -------         PROC          _FLASH_WRITE
  D:0007H         SYMBOL        addr
  X:60ADH         SYMBOL        p_data
  X:60B0H         SYMBOL        len
  C:2710H         LINE#         29
  C:2716H         LINE#         30
  C:2716H         LINE#         31
  C:2719H         LINE#         32
  C:271BH         LINE#         34
  C:2724H         LINE#         35
  C:2724H         LINE#         36
  C:2729H         LINE#         38
  C:2738H         LINE#         39
  C:273BH         LINE#         40
  C:273EH         LINE#         42
  C:2744H         LINE#         43
  C:2746H         LINE#         44
  -------         ENDPROC       _FLASH_WRITE
  -------         PROC          _FLASH_READ
  D:0007H         SYMBOL        addr
  X:60A9H         SYMBOL        p_data
  X:60ACH         SYMBOL        len
  C:2747H         LINE#         53
  C:274DH         LINE#         54
  C:274DH         LINE#         55
  C:2753H         LINE#         56
  C:2753H         LINE#         57
  C:2772H         LINE#         58
  C:2778H         LINE#         59
  C:277AH         LINE#         60
  -------         ENDPROC       _FLASH_READ
  -------         ENDMOD        FLASH

  -------         MODULE        GPIO_INTERRUPT
  C:0000H         SYMBOL        _ICE_DUMMY_
  C:2284H         PUBLIC        P0_IRQHandler
  C:22F9H         PUBLIC        P1_IRQHandler
  D:00B8H         PUBLIC        IP0
  D:00B1H         PUBLIC        IP1
  D:00B2H         PUBLIC        IP2
  D:00B3H         PUBLIC        IP3
  D:00B4H         PUBLIC        IP4
  D:00B5H         PUBLIC        IP5
  D:00B6H         PUBLIC        IP6
  D:00B7H         PUBLIC        IP7
  -------         PROC          P0_IRQHANDLER
  -------         DO            
  X:60B6H         SYMBOL        p0_pnd
  -------         ENDDO         
  C:2284H         LINE#         7
  C:22A1H         LINE#         10
  C:22A8H         LINE#         13
  C:22A8H         LINE#         16
BL51 BANKED LINKER/LOCATER V6.22.4.0                                                  11/28/2024  14:06:59  PAGE 24


  C:22ACH         LINE#         17
  C:22ACH         LINE#         18
  C:22BEH         LINE#         19
  C:22BEH         LINE#         20
  C:22D7H         LINE#         21
  C:22D7H         LINE#         22
  C:22D7H         LINE#         23
  C:22DEH         LINE#         26
  C:22DEH         LINE#         27
  -------         ENDPROC       P0_IRQHANDLER
  -------         PROC          P1_IRQHANDLER
  -------         DO            
  X:60B7H         SYMBOL        p1_pnd
  -------         ENDDO         
  C:22F9H         LINE#         30
  C:2316H         LINE#         33
  C:231DH         LINE#         36
  C:231DH         LINE#         40
  C:2321H         LINE#         41
  C:2321H         LINE#         42
  C:2333H         LINE#         43
  C:2333H         LINE#         44
  C:234CH         LINE#         45
  C:234CH         LINE#         46
  C:234CH         LINE#         47
  C:2353H         LINE#         51
  C:2353H         LINE#         52
  -------         ENDPROC       P1_IRQHANDLER
  -------         ENDMOD        GPIO_INTERRUPT

  -------         MODULE        MAIN
  C:0000H         SYMBOL        _ICE_DUMMY_
  C:23DFH         PUBLIC        time_update
  C:218EH         PUBLIC        main
  D:00D9H         PUBLIC        WDT_KEY
  -------         PROC          TIME_UPDATE
  C:23DFH         LINE#         22
  C:23DFH         LINE#         23
  C:23DFH         LINE#         24
  C:23F2H         LINE#         25
  C:23F2H         LINE#         26
  C:240FH         LINE#         28
  C:2418H         LINE#         29
  C:2418H         LINE#         30
  C:2418H         LINE#         31
  C:241AH         LINE#         33
  C:241AH         LINE#         34
  C:241FH         LINE#         35
  C:2422H         LINE#         39
  C:242BH         LINE#         40
  C:242BH         LINE#         41
  C:242BH         LINE#         42
  C:242DH         LINE#         44
  C:242DH         LINE#         45
  C:2432H         LINE#         48
  C:243BH         LINE#         49
  C:243BH         LINE#         50
BL51 BANKED LINKER/LOCATER V6.22.4.0                                                  11/28/2024  14:06:59  PAGE 25


  C:243EH         LINE#         51
  C:243FH         LINE#         53
  C:243FH         LINE#         55
  C:2444H         LINE#         56
  C:2446H         LINE#         57
  C:2448H         LINE#         58
  C:2448H         LINE#         59
  C:2448H         LINE#         60
  C:2448H         LINE#         291
  C:2448H         LINE#         292
  -------         ENDPROC       TIME_UPDATE
  -------         PROC          MAIN
  C:218EH         LINE#         294
  C:218EH         LINE#         295
  C:218EH         LINE#         297
  C:2191H         LINE#         299
  C:2194H         LINE#         302
  C:2197H         LINE#         303
  C:219EH         LINE#         304
  C:21A1H         LINE#         308
  C:21A1H         LINE#         309
  C:21A4H         LINE#         311
  C:21A7H         LINE#         312
  C:21AAH         LINE#         313
  C:21ADH         LINE#         315
  C:21B0H         LINE#         317
  C:21B3H         LINE#         318
  C:21B6H         LINE#         320
  C:21B9H         LINE#         322
  C:21BCH         LINE#         325
  C:21BFH         LINE#         326
  C:21BFH         LINE#         349
  C:21C2H         LINE#         361
  C:21C2H         LINE#         362
  C:21C2H         LINE#         364
  C:21C8H         LINE#         365
  C:21CEH         LINE#         366
  C:21D1H         LINE#         368
  C:21D6H         LINE#         369
  C:21D9H         LINE#         372
  C:21DCH         LINE#         373
  C:21DFH         LINE#         374
  C:21E2H         LINE#         377
  C:21E7H         LINE#         378
  C:21EAH         LINE#         381
  C:21EFH         LINE#         382
  C:21F2H         LINE#         386
  C:21F8H         LINE#         387
  C:21FDH         LINE#         388
  C:2200H         LINE#         390
  C:2203H         LINE#         391
  C:2206H         LINE#         392
  C:2209H         LINE#         395
  C:220CH         LINE#         398
  -------         ENDPROC       MAIN
  -------         ENDMOD        MAIN

BL51 BANKED LINKER/LOCATER V6.22.4.0                                                  11/28/2024  14:06:59  PAGE 26


  -------         MODULE        FUN_INFO
  C:0000H         SYMBOL        _ICE_DUMMY_
  X:6056H         PUBLIC        fun_info
  C:2948H         PUBLIC        fun_info_save
  C:28CCH         PUBLIC        fun_info_init
  -------         PROC          FUN_INFO_INIT
  C:28CCH         LINE#         7
  C:28CCH         LINE#         8
  C:28CCH         LINE#         9
  C:28DBH         LINE#         10
  -------         ENDPROC       FUN_INFO_INIT
  -------         PROC          FUN_INFO_SAVE
  C:2948H         LINE#         14
  C:2948H         LINE#         15
  C:2948H         LINE#         16
  C:294DH         LINE#         17
  -------         ENDPROC       FUN_INFO_SAVE
  -------         ENDMOD        FUN_INFO

  -------         MODULE        SEND_DATA
  C:0000H         SYMBOL        _ICE_DUMMY_
  C:10D9H         PUBLIC        _send_data
  -------         PROC          _SEND_DATA
  X:60ACH         SYMBOL        instruct
  X:60ADH         SYMBOL        send_data
  -------         DO            
  X:60B1H         SYMBOL        check_num
  -------         ENDDO         
  C:10D9H         LINE#         3
  C:10DEH         LINE#         4
  C:10DEH         LINE#         5
  C:10E8H         LINE#         7
  C:10EDH         LINE#         143
  C:1106H         LINE#         145
  C:1137H         LINE#         155
  C:1137H         LINE#         156
  C:113CH         LINE#         157
  C:1144H         LINE#         158
  C:114DH         LINE#         160
  C:1171H         LINE#         161
  C:1174H         LINE#         162
  C:1191H         LINE#         168
  C:1191H         LINE#         169
  C:1196H         LINE#         170
  C:119EH         LINE#         171
  C:11ACH         LINE#         172
  C:11B5H         LINE#         174
  C:11F2H         LINE#         175
  C:11F5H         LINE#         176
  C:1206H         LINE#         179
  C:1206H         LINE#         181
  C:120BH         LINE#         182
  C:1213H         LINE#         184
  C:1221H         LINE#         185
  C:122FH         LINE#         186
  C:1238H         LINE#         188
  C:1288H         LINE#         189
BL51 BANKED LINKER/LOCATER V6.22.4.0                                                  11/28/2024  14:06:59  PAGE 27


  C:128BH         LINE#         190
  C:1296H         LINE#         192
  C:1296H         LINE#         193
  C:129BH         LINE#         194
  C:12A3H         LINE#         196
  C:12B1H         LINE#         197
  C:12BFH         LINE#         198
  C:12CDH         LINE#         199
  C:12D6H         LINE#         201
  C:1344H         LINE#         202
  C:1344H         LINE#         207
  C:1354H         LINE#         208
  C:135DH         LINE#         210
  -------         ENDPROC       _SEND_DATA
  -------         ENDMOD        SEND_DATA

  -------         MODULE        PIN_LEVEL_SCAN
  C:0000H         SYMBOL        _ICE_DUMMY_
  X:60FEH         PUBLIC        pin_level_scan_time_cnt
  C:28ABH         PUBLIC        pin_level_scan_config
  B:0090H.0       PUBLIC        P10
  B:00B0H.0       PUBLIC        P30
  B:00A0H.1       PUBLIC        P21
  B:0080H.3       PUBLIC        P03
  B:00A0H.2       PUBLIC        P22
  B:0090H.3       PUBLIC        P13
  B:0080H.4       PUBLIC        P04
  B:00A0H.3       PUBLIC        P23
  B:0090H.4       PUBLIC        P14
  B:0080H.6       PUBLIC        P06
  B:00A0H.5       PUBLIC        P25
  B:0080H.7       PUBLIC        P07
  B:00A0H.7       PUBLIC        P27
  C:1FB8H         PUBLIC        pin_level_scan
  -------         PROC          PIN_LEVEL_SCAN_CONFIG
  C:28ABH         LINE#         5
  C:28ABH         LINE#         6
  C:28ABH         LINE#         7
  C:28AEH         LINE#         8
  C:28B1H         LINE#         9
  C:28B4H         LINE#         10
  C:28B7H         LINE#         12
  C:28BAH         LINE#         13
  C:28BDH         LINE#         14
  C:28C0H         LINE#         15
  C:28C3H         LINE#         16
  C:28C6H         LINE#         17
  C:28C9H         LINE#         18
  -------         ENDPROC       PIN_LEVEL_SCAN_CONFIG
  -------         PROC          PIN_LEVEL_SCAN
  C:1FB8H         LINE#         22
  C:1FB8H         LINE#         23
  C:1FB8H         LINE#         25
  C:1FCDH         LINE#         26
  C:1FCDH         LINE#         27
  C:1FD7H         LINE#         29
  C:1FDAH         LINE#         30
BL51 BANKED LINKER/LOCATER V6.22.4.0                                                  11/28/2024  14:06:59  PAGE 28


  C:1FDAH         LINE#         32
  C:1FDFH         LINE#         33
  C:1FE1H         LINE#         35
  C:1FE1H         LINE#         37
  C:1FE7H         LINE#         38
  C:1FE7H         LINE#         39
  C:1FE9H         LINE#         41
  C:1FECH         LINE#         42
  C:1FECH         LINE#         44
  C:1FF1H         LINE#         45
  C:1FF3H         LINE#         47
  C:1FF3H         LINE#         49
  C:1FF9H         LINE#         50
  C:1FF9H         LINE#         51
  C:1FFBH         LINE#         53
  C:1FFEH         LINE#         54
  C:1FFEH         LINE#         56
  C:2003H         LINE#         57
  C:2005H         LINE#         59
  C:2005H         LINE#         61
  C:200BH         LINE#         62
  C:200BH         LINE#         63
  C:200DH         LINE#         65
  C:2010H         LINE#         66
  C:2010H         LINE#         68
  C:2015H         LINE#         69
  C:2017H         LINE#         71
  C:2017H         LINE#         73
  C:201DH         LINE#         74
  C:201DH         LINE#         75
  C:201FH         LINE#         79
  C:2022H         LINE#         80
  C:2022H         LINE#         82
  C:2027H         LINE#         83
  C:2029H         LINE#         84
  C:202CH         LINE#         85
  C:202CH         LINE#         87
  C:2032H         LINE#         88
  C:2034H         LINE#         89
  C:2037H         LINE#         90
  C:2037H         LINE#         92
  C:203DH         LINE#         93
  C:203FH         LINE#         94
  C:2042H         LINE#         95
  C:2042H         LINE#         97
  C:2048H         LINE#         98
  C:204AH         LINE#         99
  C:204DH         LINE#         100
  C:204DH         LINE#         102
  C:2053H         LINE#         103
  C:2055H         LINE#         104
  C:2058H         LINE#         105
  C:2058H         LINE#         107
  C:205EH         LINE#         108
  C:2060H         LINE#         109
  C:2063H         LINE#         110
  C:2063H         LINE#         112
BL51 BANKED LINKER/LOCATER V6.22.4.0                                                  11/28/2024  14:06:59  PAGE 29


  C:2069H         LINE#         113
  C:2069H         LINE#         114
  C:206BH         LINE#         115
  C:206BH         LINE#         118
  C:206EH         LINE#         119
  C:206EH         LINE#         121
  C:2070H         LINE#         122
  C:2071H         LINE#         124
  C:2071H         LINE#         125
  C:2073H         LINE#         126
  C:2073H         LINE#         127
  -------         ENDPROC       PIN_LEVEL_SCAN
  -------         ENDMOD        PIN_LEVEL_SCAN

  -------         MODULE        SPEED_SCAN
  C:0000H         SYMBOL        _ICE_DUMMY_
  C:1A3BH         PUBLIC        speed_scan
  X:60BDH         PUBLIC        detect_speed_pulse_cnt
  D:00A8H         PUBLIC        IE0
  D:00A9H         PUBLIC        IE1
  D:00AAH         PUBLIC        IE2
  D:00ABH         PUBLIC        IE3
  D:00B8H         PUBLIC        IP0
  D:00B1H         PUBLIC        IP1
  D:00B2H         PUBLIC        IP2
  D:00B3H         PUBLIC        IP3
  D:00B4H         PUBLIC        IP4
  D:00B5H         PUBLIC        IP5
  D:00B6H         PUBLIC        IP6
  D:00B7H         PUBLIC        IP7
  X:60C1H         PUBLIC        speed_scan_time_cnt
  B:00A8H.7       PUBLIC        IE_EA
  C:27A9H         PUBLIC        speed_scan_config
  -------         PROC          SPEED_SCAN_CONFIG
  C:27A9H         LINE#         18
  C:27A9H         LINE#         19
  C:27A9H         LINE#         21
  C:27AFH         LINE#         22
  C:27B2H         LINE#         23
  C:27B4H         LINE#         25
  C:27BAH         LINE#         26
  C:27C0H         LINE#         28
  C:27C6H         LINE#         29
  C:27CCH         LINE#         30
  C:27D0H         LINE#         32
  -------         ENDPROC       SPEED_SCAN_CONFIG
  -------         PROC          SPEED_SCAN
  -------         DO            
  X:60A8H         SYMBOL        cur_speed
  X:60B8H         SYMBOL        cur_speed_average_val
  X:60BCH         SYMBOL        speed_scan_cnt
  -------         ENDDO         
  C:1A3BH         LINE#         35
  C:1A3BH         LINE#         36
  C:1A3BH         LINE#         45
  C:1A45H         LINE#         50
  C:1A5AH         LINE#         51
BL51 BANKED LINKER/LOCATER V6.22.4.0                                                  11/28/2024  14:06:59  PAGE 30


  C:1A5AH         LINE#         52
  C:1A77H         LINE#         60
  C:1A96H         LINE#         64
  C:1AA0H         LINE#         65
  C:1AB5H         LINE#         82
  C:1ADCH         LINE#         134
  C:1AE5H         LINE#         135
  C:1AE5H         LINE#         137
  C:1AE8H         LINE#         138
  C:1AFDH         LINE#         139
  C:1AFDH         LINE#         141
  C:1AFDH         LINE#         143
  C:1B02H         LINE#         144
  C:1B17H         LINE#         145
  C:1B23H         LINE#         146
  C:1B2DH         LINE#         157
  C:1B40H         LINE#         158
  C:1B40H         LINE#         159
  C:1B4AH         LINE#         160
  C:1B4BH         LINE#         162
  C:1B4BH         LINE#         164
  C:1B4DH         LINE#         165
  C:1B4DH         LINE#         166
  C:1B4DH         LINE#         167
  C:1B4DH         LINE#         168
  -------         ENDPROC       SPEED_SCAN
  -------         ENDMOD        SPEED_SCAN

  -------         MODULE        ENGINE_SPEED_SCAN
  C:0000H         SYMBOL        _ICE_DUMMY_
  X:60DEH         PUBLIC        detect_engine_pulse_cnt
  X:60E2H         PUBLIC        engine_speed_scan_time_cnt
  D:00A8H         PUBLIC        IE0
  D:00A9H         PUBLIC        IE1
  D:00AAH         PUBLIC        IE2
  D:00ABH         PUBLIC        IE3
  D:00B8H         PUBLIC        IP0
  D:00B1H         PUBLIC        IP1
  D:00B2H         PUBLIC        IP2
  D:00B3H         PUBLIC        IP3
  D:00B4H         PUBLIC        IP4
  D:00B5H         PUBLIC        IP5
  D:00B6H         PUBLIC        IP6
  D:00B7H         PUBLIC        IP7
  C:27D1H         PUBLIC        engine_speed_scan_config
  B:00A8H.7       PUBLIC        IE_EA
  C:2074H         PUBLIC        engine_speed_scan
  -------         PROC          ENGINE_SPEED_SCAN_CONFIG
  C:27D1H         LINE#         13
  C:27D1H         LINE#         14
  C:27D1H         LINE#         16
  C:27D7H         LINE#         17
  C:27DAH         LINE#         18
  C:27DCH         LINE#         20
  C:27E2H         LINE#         21
  C:27E8H         LINE#         22
  C:27EEH         LINE#         23
BL51 BANKED LINKER/LOCATER V6.22.4.0                                                  11/28/2024  14:06:59  PAGE 31


  C:27F4H         LINE#         24
  C:27F8H         LINE#         25
  -------         ENDPROC       ENGINE_SPEED_SCAN_CONFIG
  -------         PROC          ENGINE_SPEED_SCAN
  -------         DO            
  X:60A8H         SYMBOL        rpm
  -------         ENDDO         
  C:2074H         LINE#         28
  C:2074H         LINE#         29
  C:2074H         LINE#         31
  C:207EH         LINE#         33
  C:2090H         LINE#         34
  C:2090H         LINE#         35
  C:20ADH         LINE#         46
  C:20CCH         LINE#         47
  C:20D6H         LINE#         50
  C:20E9H         LINE#         51
  C:20E9H         LINE#         52
  C:20F3H         LINE#         53
  C:20F3H         LINE#         55
  C:20FFH         LINE#         59
  C:2101H         LINE#         60
  C:2101H         LINE#         61
  -------         ENDPROC       ENGINE_SPEED_SCAN
  -------         ENDMOD        ENGINE_SPEED_SCAN

  -------         MODULE        MILEAGE
  C:0000H         SYMBOL        _ICE_DUMMY_
  X:60A0H         PUBLIC        mileage_scan_time_cnt
  X:60A4H         PUBLIC        distance
  C:1B4EH         PUBLIC        mileage_scan
  -------         PROC          MILEAGE_SCAN
  -------         DO            
  X:6098H         SYMBOL        old_total_mileage
  X:609CH         SYMBOL        old_subtotal_mileage
  -------         ENDDO         
  C:1B4EH         LINE#         8
  C:1B4EH         LINE#         9
  C:1B4EH         LINE#         13
  C:1B61H         LINE#         14
  C:1B61H         LINE#         15
  C:1B6BH         LINE#         16
  C:1B6EH         LINE#         21
  C:1B6EH         LINE#         23
  C:1B81H         LINE#         24
  C:1B81H         LINE#         34
  C:1B95H         LINE#         35
  C:1B95H         LINE#         36
  C:1BAEH         LINE#         37
  C:1BAEH         LINE#         46
  C:1BC2H         LINE#         47
  C:1BC2H         LINE#         48
  C:1BDBH         LINE#         49
  C:1BDBH         LINE#         51
  C:1BF8H         LINE#         52
  C:1BF8H         LINE#         56
  C:1C13H         LINE#         61
BL51 BANKED LINKER/LOCATER V6.22.4.0                                                  11/28/2024  14:06:59  PAGE 32


  C:1C13H         LINE#         62
  C:1C1FH         LINE#         67
  C:1C21H         LINE#         68
  C:1C21H         LINE#         72
  C:1C3CH         LINE#         77
  C:1C3CH         LINE#         78
  C:1C48H         LINE#         83
  C:1C4AH         LINE#         84
  C:1C4AH         LINE#         85
  -------         ENDPROC       MILEAGE_SCAN
  -------         ENDMOD        MILEAGE

  -------         MODULE        INSTRUCTION
  C:0000H         SYMBOL        _ICE_DUMMY_
  B:0020H.0       PUBLIC        flag_get_total_mileage
  B:0020H.1       PUBLIC        flag_get_engine_speed
  B:0020H.2       PUBLIC        flag_alter_date
  C:03D0H         PUBLIC        instruction_handle
  B:0020H.3       PUBLIC        flag_get_battery
  B:0020H.4       PUBLIC        flag_get_brake
  B:0020H.5       PUBLIC        flag_alter_time
  B:0020H.6       PUBLIC        flag_get_sub_total_mileage
  B:0020H.7       PUBLIC        flag_get_voltage_of_battery
  B:0021H.0       PUBLIC        flag_get_speed
  B:0021H.1       PUBLIC        flag_get_high_beam
  B:0021H.2       PUBLIC        flag_get_gear
  B:0021H.3       PUBLIC        flag_clear_total_mileage
  B:0021H.4       PUBLIC        flag_get_fuel
  C:17C5H         PUBLIC        instruction_scan
  B:0021H.5       PUBLIC        flag_get_all_status
  B:0021H.6       PUBLIC        flag_get_right_turn
  B:0021H.7       PUBLIC        flag_clear_sub_total_mileage
  B:0022H.0       PUBLIC        flag_get_left_turn
  B:0022H.1       PUBLIC        flag_set_temp_of_water_warning
  -------         PROC          INSTRUCTION_SCAN
  -------         DO            
  X:60A8H         SYMBOL        i
  -------         ENDDO         
  C:17C5H         LINE#         36
  C:17C5H         LINE#         37
  C:17C5H         LINE#         38
  C:17CAH         LINE#         40
  C:17D8H         LINE#         41
  C:17D8H         LINE#         42
  C:17E8H         LINE#         43
  C:17E8H         LINE#         46
  C:17E8H         LINE#         47
  C:1816H         LINE#         48
  C:1816H         LINE#         49
  C:1816H         LINE#         50
  C:1818H         LINE#         51
  C:181BH         LINE#         120
  C:181BH         LINE#         121
  C:181DH         LINE#         127
  C:184AH         LINE#         128
  C:1861H         LINE#         129
  C:1874H         LINE#         131
BL51 BANKED LINKER/LOCATER V6.22.4.0                                                  11/28/2024  14:06:59  PAGE 33


  C:1876H         LINE#         133
  C:1876H         LINE#         134
  C:1878H         LINE#         136
  C:188FH         LINE#         137
  C:18A2H         LINE#         138
  C:18B8H         LINE#         139
  C:18BAH         LINE#         141
  C:18BAH         LINE#         142
  C:18BCH         LINE#         143
  C:18BEH         LINE#         145
  C:18BEH         LINE#         146
  C:18C0H         LINE#         147
  C:18C0H         LINE#         148
  C:18C0H         LINE#         150
  C:18C9H         LINE#         151
  C:18C9H         LINE#         152
  C:18CCH         LINE#         153
  C:18CCH         LINE#         155
  C:18DCH         LINE#         156
  C:18E8H         LINE#         157
  C:18F4H         LINE#         158
  C:1915H         LINE#         159
  C:1915H         LINE#         160
  C:1915H         LINE#         161
  C:191EH         LINE#         162
  -------         ENDPROC       INSTRUCTION_SCAN
  -------         PROC          INSTRUCTION_HANDLE
  -------         DO            
  X:60A8H         SYMBOL        temp_val
  -------         ENDDO         
  C:03D0H         LINE#         164
  C:03D0H         LINE#         165
  C:03D0H         LINE#         166
  C:03D6H         LINE#         167
  C:03D6H         LINE#         169
  C:03E0H         LINE#         170
  C:03E2H         LINE#         177
  C:03F6H         LINE#         178
  C:040AH         LINE#         179
  C:041EH         LINE#         180
  C:0432H         LINE#         181
  C:0446H         LINE#         182
  C:045AH         LINE#         183
  C:046BH         LINE#         184
  C:047CH         LINE#         185
  C:0490H         LINE#         188
  C:04AAH         LINE#         189
  C:04C4H         LINE#         203
  C:050DH         LINE#         205
  C:051EH         LINE#         208
  C:0567H         LINE#         210
  C:0578H         LINE#         212
  C:058EH         LINE#         214
  C:05A2H         LINE#         215
  C:05A2H         LINE#         217
  C:05A5H         LINE#         218
  C:05A5H         LINE#         220
BL51 BANKED LINKER/LOCATER V6.22.4.0                                                  11/28/2024  14:06:59  PAGE 34


  C:05A7H         LINE#         226
  C:05BBH         LINE#         227
  C:05BBH         LINE#         229
  C:05BEH         LINE#         230
  C:05BEH         LINE#         232
  C:05C0H         LINE#         237
  C:05D4H         LINE#         238
  C:05D4H         LINE#         240
  C:05D7H         LINE#         241
  C:05D7H         LINE#         243
  C:05D9H         LINE#         249
  C:05EDH         LINE#         250
  C:05EDH         LINE#         252
  C:05F0H         LINE#         253
[...]
  C:0B1EH         LINE#         99
  C:0B28H         LINE#         103
  C:0B2EH         LINE#         104
  C:0B2EH         LINE#         105
  C:0B30H         LINE#         107
  C:0B30H         LINE#         112
  C:0B36H         LINE#         116
  C:0B36H         LINE#         118
  C:0B3DH         LINE#         119
  C:0B3DH         LINE#         121
  C:0B48H         LINE#         122
  C:0B48H         LINE#         124
  C:0B54H         LINE#         125
  C:0B54H         LINE#         130
  C:0B5EH         LINE#         131
  C:0B60H         LINE#         132
  C:0B6CH         LINE#         133
  C:0B6CH         LINE#         138
  C:0B76H         LINE#         139
  C:0B78H         LINE#         140
  C:0B84H         LINE#         141
  C:0B84H         LINE#         146
  C:0B8EH         LINE#         147
  C:0B90H         LINE#         148
  C:0B9CH         LINE#         149
  C:0B9CH         LINE#         154
  C:0BA6H         LINE#         155
  C:0BA8H         LINE#         156
  C:0BB4H         LINE#         157
BL51 BANKED LINKER/LOCATER V6.22.4.0                                                  11/28/2024  14:06:59  PAGE 37


  C:0BB4H         LINE#         162
  C:0BBEH         LINE#         163
  C:0BC0H         LINE#         164
  C:0BCCH         LINE#         165
  C:0BCCH         LINE#         170
  C:0BDBH         LINE#         171
  C:0BDBH         LINE#         173
  C:0BDBH         LINE#         175
  C:0BDBH         LINE#         177
  C:0BE1H         LINE#         178
  C:0BE1H         LINE#         180
  C:0BE9H         LINE#         181
  C:0BE9H         LINE#         183
  C:0BF6H         LINE#         184
  C:0BF6H         LINE#         190
  C:0BF6H         LINE#         191
  C:0BFCH         LINE#         192
  C:0BFCH         LINE#         197
  C:0C0BH         LINE#         198
  C:0C0DH         LINE#         199
  C:0C1AH         LINE#         200
  C:0C1AH         LINE#         206
  C:0C1AH         LINE#         207
  C:0C20H         LINE#         208
  C:0C20H         LINE#         214
  C:0C20H         LINE#         215
  C:0C26H         LINE#         216
  C:0C26H         LINE#         221
  C:0C35H         LINE#         222
  C:0C35H         LINE#         223
  C:0C35H         LINE#         224
  C:0C35H         LINE#         231
  C:0C35H         LINE#         233
  C:0C3BH         LINE#         234
  C:0C3BH         LINE#         236
  C:0C46H         LINE#         237
  C:0C46H         LINE#         240
  C:0C60H         LINE#         241
  C:0C60H         LINE#         242
  C:0C77H         LINE#         243
  C:0C7DH         LINE#         244
  C:0C7DH         LINE#         245
  C:0C91H         LINE#         246
  C:0C91H         LINE#         247
  C:0C9BH         LINE#         251
  C:0CA5H         LINE#         252
  C:0CA5H         LINE#         253
  C:0CA7H         LINE#         254
  C:0CB3H         LINE#         255
  C:0CB3H         LINE#         256
  C:0CC7H         LINE#         257
  C:0CC7H         LINE#         258
  C:0CC7H         LINE#         263
  C:0CC7H         LINE#         264
  C:0CCAH         LINE#         265
  C:0CD6H         LINE#         266
  C:0CD6H         LINE#         267
BL51 BANKED LINKER/LOCATER V6.22.4.0                                                  11/28/2024  14:06:59  PAGE 38


  C:0CEAH         LINE#         268
  C:0CEAH         LINE#         269
  C:0CF4H         LINE#         273
  C:0D03H         LINE#         274
  C:0D03H         LINE#         275
  C:0D05H         LINE#         276
  C:0D11H         LINE#         277
  C:0D11H         LINE#         278
  C:0D22H         LINE#         279
  C:0D22H         LINE#         280
  C:0D22H         LINE#         285
  C:0D22H         LINE#         286
  C:0D24H         LINE#         287
  C:0D30H         LINE#         288
  C:0D30H         LINE#         289
  C:0D41H         LINE#         290
  C:0D41H         LINE#         291
  C:0D41H         LINE#         296
  C:0D41H         LINE#         297
  C:0D43H         LINE#         298
  C:0D4FH         LINE#         299
  C:0D4FH         LINE#         300
  C:0D60H         LINE#         301
  C:0D60H         LINE#         302
  C:0D6AH         LINE#         307
  C:0D6AH         LINE#         308
  C:0D6AH         LINE#         310
  C:0D71H         LINE#         311
  C:0D73H         LINE#         313
  C:0D73H         LINE#         318
  C:0D79H         LINE#         319
  C:0D79H         LINE#         320
  C:0D79H         LINE#         322
  C:0D86H         LINE#         324
  C:0D86H         LINE#         328
  C:0D90H         LINE#         329
  C:0D90H         LINE#         331
  C:0D99H         LINE#         332
  C:0DA0H         LINE#         333
  C:0DA2H         LINE#         335
  C:0DA2H         LINE#         337
  C:0DA9H         LINE#         338
  C:0DA9H         LINE#         340
  C:0DB8H         LINE#         341
  C:0DB8H         LINE#         342
  C:0DBCH         LINE#         345
  C:0DC1H         LINE#         346
  C:0DC1H         LINE#         347
  C:0DC1H         LINE#         348
  C:0DC1H         LINE#         352
  C:0DC1H         LINE#         353
  C:0DC1H         LINE#         354
  C:0DC1H         LINE#         358
  C:0DC1H         LINE#         359
  C:0DC1H         LINE#         360
  C:0DC1H         LINE#         364
  C:0DC1H         LINE#         365
BL51 BANKED LINKER/LOCATER V6.22.4.0                                                  11/28/2024  14:06:59  PAGE 39


  C:0DC1H         LINE#         366
  C:0DC1H         LINE#         370
  C:0DC1H         LINE#         371
  C:0DC1H         LINE#         372
  C:0DC1H         LINE#         376
  C:0DC1H         LINE#         377
  C:0DC1H         LINE#         378
  C:0DC1H         LINE#         382
  C:0DC1H         LINE#         383
  C:0DC1H         LINE#         385
  C:0DC4H         LINE#         386
  C:0DC4H         LINE#         387
  C:0DC4H         LINE#         389
  C:0DCBH         LINE#         390
  C:0DCBH         LINE#         392
  C:0DD2H         LINE#         393
  C:0DD8H         LINE#         394
  C:0DE0H         LINE#         396
  C:0DE5H         LINE#         397
  C:0DE5H         LINE#         398
  -------         ENDPROC       AD_KEY_SCAN
  -------         ENDMOD        AD_KEY

  -------         MODULE        FUEL_CAPACITY
  C:0000H         SYMBOL        _ICE_DUMMY_
  X:60C5H         PUBLIC        fuel_percent
  X:60C6H         PUBLIC        fuel_capacity_scan_cnt
  X:60CAH         PUBLIC        fuel_adc_val
  X:60CEH         PUBLIC        fuel_adc_scan_cnt
  C:004EH         PUBLIC        fuel_capacity_scan
  -------         PROC          FUEL_CAPACITY_SCAN
  C:004EH         LINE#         11
  C:004EH         LINE#         12
  C:004EH         LINE#         13
  C:0059H         LINE#         16
  C:0073H         LINE#         17
  C:008CH         LINE#         20
  C:00A2H         LINE#         21
  C:00A2H         LINE#         24
  C:00ACH         LINE#         25
  C:00C1H         LINE#         26
  C:00CBH         LINE#         33
  C:00DEH         LINE#         34
  C:00DEH         LINE#         35
  C:00E4H         LINE#         36
  C:00E7H         LINE#         37
  C:00FAH         LINE#         38
  C:00FAH         LINE#         39
  C:0100H         LINE#         40
  C:0103H         LINE#         41
  C:0116H         LINE#         42
  C:0116H         LINE#         43
  C:011CH         LINE#         44
  C:011FH         LINE#         45
  C:0132H         LINE#         46
  C:0132H         LINE#         47
  C:0138H         LINE#         48
BL51 BANKED LINKER/LOCATER V6.22.4.0                                                  11/28/2024  14:06:59  PAGE 40


  C:013BH         LINE#         49
  C:014EH         LINE#         50
  C:014EH         LINE#         51
  C:0154H         LINE#         52
  C:0157H         LINE#         53
  C:016AH         LINE#         54
  C:016AH         LINE#         55
  C:0170H         LINE#         56
  C:0172H         LINE#         57
  C:0185H         LINE#         58
  C:0185H         LINE#         59
  C:018BH         LINE#         60
  C:018DH         LINE#         61
  C:01A0H         LINE#         62
  C:01A0H         LINE#         63
  C:01A6H         LINE#         64
  C:01A8H         LINE#         65
  C:01BBH         LINE#         66
  C:01BBH         LINE#         67
  C:01C1H         LINE#         68
  C:01C3H         LINE#         69
  C:01D6H         LINE#         70
  C:01D6H         LINE#         71
  C:01DCH         LINE#         72
  C:01DEH         LINE#         74
  C:01DEH         LINE#         75
  C:01E3H         LINE#         76
  C:01E3H         LINE#         83
  C:01F6H         LINE#         84
  C:01F6H         LINE#         86
  C:01FBH         LINE#         87
  C:01FEH         LINE#         88
  C:0224H         LINE#         90
  C:0224H         LINE#         92
  C:022AH         LINE#         93
  C:022DH         LINE#         94
  C:0253H         LINE#         96
  C:0253H         LINE#         98
  C:0259H         LINE#         99
  C:025CH         LINE#         100
  C:0282H         LINE#         102
  C:0282H         LINE#         104
  C:0288H         LINE#         105
  C:028BH         LINE#         106
  C:02B1H         LINE#         108
  C:02B1H         LINE#         110
  C:02B7H         LINE#         111
  C:02BAH         LINE#         112
  C:02E0H         LINE#         114
  C:02E0H         LINE#         116
  C:02E6H         LINE#         117
  C:02E9H         LINE#         119
  C:030FH         LINE#         121
  C:030FH         LINE#         123
  C:0315H         LINE#         124
  C:0318H         LINE#         125
  C:033EH         LINE#         127
BL51 BANKED LINKER/LOCATER V6.22.4.0                                                  11/28/2024  14:06:59  PAGE 41


  C:033EH         LINE#         129
  C:0344H         LINE#         130
  C:0346H         LINE#         131
  C:036CH         LINE#         133
  C:036CH         LINE#         135
  C:0372H         LINE#         136
  C:0374H         LINE#         137
  C:039AH         LINE#         139
  C:039AH         LINE#         141
  C:03A0H         LINE#         142
  C:03A2H         LINE#         143
  C:03B5H         LINE#         144
  C:03B5H         LINE#         146
  C:03BBH         LINE#         147
  C:03BBH         LINE#         149
  C:03BBH         LINE#         152
  C:03BBH         LINE#         158
  C:03C3H         LINE#         159
  C:03CDH         LINE#         160
  C:03CFH         LINE#         161
  C:03CFH         LINE#         162
  -------         ENDPROC       FUEL_CAPACITY_SCAN
  -------         ENDMOD        FUEL_CAPACITY

  -------         MODULE        TEMP_OF_WATER
  C:0000H         SYMBOL        _ICE_DUMMY_
  X:60E6H         PUBLIC        cooling_down_accumulate_cnt
  X:60EAH         PUBLIC        over_heat_accumulate_cnt
  C:1EE8H         PUBLIC        temp_of_water_scan
  -------         PROC          TEMP_OF_WATER_SCAN
  C:1EE8H         LINE#         11
  C:1EE8H         LINE#         12
  C:1EE8H         LINE#         13
  C:1EF3H         LINE#         15
  C:1EF9H         LINE#         16
  C:1EF9H         LINE#         18
  C:1F0BH         LINE#         19
  C:1F0BH         LINE#         21
  C:1F21H         LINE#         23
  C:1F2BH         LINE#         24
  C:1F2DH         LINE#         26
  C:1F2DH         LINE#         27
  C:1F34H         LINE#         28
  C:1F34H         LINE#         30
  C:1F47H         LINE#         31
  C:1F47H         LINE#         34
  C:1F51H         LINE#         35
  C:1F55H         LINE#         36
  C:1F55H         LINE#         37
  C:1F55H         LINE#         38
  C:1F57H         LINE#         40
  C:1F57H         LINE#         42
  C:1F69H         LINE#         43
  C:1F69H         LINE#         44
  C:1F7FH         LINE#         46
  C:1F89H         LINE#         47
  C:1F8BH         LINE#         49
BL51 BANKED LINKER/LOCATER V6.22.4.0                                                  11/28/2024  14:06:59  PAGE 42


  C:1F8BH         LINE#         51
  C:1F92H         LINE#         52
  C:1F92H         LINE#         54
  C:1FA5H         LINE#         55
  C:1FA5H         LINE#         58
  C:1FAFH         LINE#         59
  C:1FB5H         LINE#         60
  C:1FB7H         LINE#         61
  C:1FB7H         LINE#         62
  C:1FB7H         LINE#         63
  -------         ENDPROC       TEMP_OF_WATER_SCAN
  -------         ENDMOD        TEMP_OF_WATER

  -------         MODULE        BATTERY
  C:0000H         SYMBOL        _ICE_DUMMY_
  C:1E16H         PUBLIC        battery_scan
  C:26D5H         PUBLIC        _conver_voltage_of_battery_to_percentage
  C:2A0DH         PUBLIC        _conver_adc_val_to_voltage
  -------         PROC          _CONVER_ADC_VAL_TO_VOLTAGE
  D:0006H         SYMBOL        arg_adc_val
  C:2A0DH         LINE#         7
  C:2A0DH         LINE#         8
  C:2A0DH         LINE#         14
  -------         ENDPROC       _CONVER_ADC_VAL_TO_VOLTAGE
  -------         PROC          _CONVER_VOLTAGE_OF_BATTERY_TO_PERCENTAGE
  D:0007H         SYMBOL        voltage
  -------         DO            
  X:60AAH         SYMBOL        tmp
  -------         ENDDO         
  C:26D5H         LINE#         19
  C:26D5H         LINE#         20
  C:26D5H         LINE#         24
  C:26EEH         LINE#         25
  C:2700H         LINE#         26
  C:2700H         LINE#         28
  C:270AH         LINE#         29
  C:270AH         LINE#         31
  -------         ENDPROC       _CONVER_VOLTAGE_OF_BATTERY_TO_PERCENTAGE
  -------         PROC          BATTERY_SCAN
  -------         DO            
  X:60A8H         SYMBOL        voltage_of_battery
  X:60A9H         SYMBOL        cur_percentage_of_battery
  X:60D2H         SYMBOL        battery_scan_cnt
  X:60D6H         SYMBOL        battery_scan_time_cnt
  X:60DAH         SYMBOL        battery_val
  -------         ENDDO         
  C:1E16H         LINE#         34
  C:1E16H         LINE#         35
  C:1E16H         LINE#         36
  C:1E1BH         LINE#         37
  C:1E1DH         LINE#         43
  C:1E42H         LINE#         44
  C:1E5BH         LINE#         45
  C:1E74H         LINE#         46
  C:1E87H         LINE#         47
  C:1E87H         LINE#         48
  C:1E9CH         LINE#         49
BL51 BANKED LINKER/LOCATER V6.22.4.0                                                  11/28/2024  14:06:59  PAGE 43


  C:1EAAH         LINE#         50
  C:1EB3H         LINE#         51
  C:1EBDH         LINE#         52
  C:1EC7H         LINE#         53
  C:1ED1H         LINE#         55
  C:1ED6H         LINE#         56
  C:1EE3H         LINE#         64
  C:1EE5H         LINE#         65
  C:1EE7H         LINE#         66
  C:1EE7H         LINE#         67
  -------         ENDPROC       BATTERY_SCAN
  -------         ENDMOD        BATTERY

  -------         MODULE        ?C?CLDPTR
  C:0DE6H         PUBLIC        ?C?CLDPTR
  -------         ENDMOD        ?C?CLDPTR

  -------         MODULE        ?C?CLDOPTR
  C:0DFFH         PUBLIC        ?C?CLDOPTR
  -------         ENDMOD        ?C?CLDOPTR

  -------         MODULE        ?C?CSTPTR
  C:0E2CH         PUBLIC        ?C?CSTPTR
  -------         ENDMOD        ?C?CSTPTR

  -------         MODULE        ?C?IILDX
  C:0E3EH         PUBLIC        ?C?IILDX
  -------         ENDMOD        ?C?IILDX

  -------         MODULE        ?C?LADD
  C:0E54H         PUBLIC        ?C?LADD
  -------         ENDMOD        ?C?LADD

  -------         MODULE        ?C?LSUB
  C:0E61H         PUBLIC        ?C?LSUB
  -------         ENDMOD        ?C?LSUB

  -------         MODULE        ?C?LMUL
  C:0E6FH         PUBLIC        ?C?LMUL
  -------         ENDMOD        ?C?LMUL

  -------         MODULE        ?C?ULDIV
  C:0EFAH         PUBLIC        ?C?ULDIV
  -------         ENDMOD        ?C?ULDIV

  -------         MODULE        ?C?LOR
  C:0F8CH         PUBLIC        ?C?LOR
  -------         ENDMOD        ?C?LOR

  -------         MODULE        ?C?ULCMP
  C:0F99H         PUBLIC        ?C?ULCMP
  -------         ENDMOD        ?C?ULCMP

  -------         MODULE        ?C?ULSHR
  C:0FAAH         PUBLIC        ?C?ULSHR
  -------         ENDMOD        ?C?ULSHR

BL51 BANKED LINKER/LOCATER V6.22.4.0                                                  11/28/2024  14:06:59  PAGE 44


  -------         MODULE        ?C?LSHL
  C:0FBDH         PUBLIC        ?C?LSHL
  -------         ENDMOD        ?C?LSHL

  -------         MODULE        ?C?LLDXDATA
  C:0FD0H         PUBLIC        ?C?LLDXDATA
  -------         ENDMOD        ?C?LLDXDATA

  -------         MODULE        ?C?LLDXDATA0
  C:0FDCH         PUBLIC        ?C?LLDXDATA0
  -------         ENDMOD        ?C?LLDXDATA0

  -------         MODULE        ?C?LSTXDATA
  C:0FE8H         PUBLIC        ?C?LSTXDATA
  -------         ENDMOD        ?C?LSTXDATA

  -------         MODULE        ?C?LSTKXDATA
  C:0FF4H         PUBLIC        ?C?LSTKXDATA
  -------         ENDMOD        ?C?LSTKXDATA

  -------         MODULE        ?C?OFFXADD
  C:1025H         PUBLIC        ?C?OFFXADD
  -------         ENDMOD        ?C?OFFXADD

  -------         MODULE        ?C?PLDXDATA
  C:1031H         PUBLIC        ?C?PLDXDATA
  -------         ENDMOD        ?C?PLDXDATA

  -------         MODULE        ?C?PLDIXDATA
  C:103AH         PUBLIC        ?C?PLDIXDATA
  -------         ENDMOD        ?C?PLDIXDATA

  -------         MODULE        ?C?PSTXDATA
  C:1051H         PUBLIC        ?C?PSTXDATA
  -------         ENDMOD        ?C?PSTXDATA

  -------         MODULE        ?C?LIMUL
  C:105AH         PUBLIC        ?C?LIMUL
  -------         ENDMOD        ?C?LIMUL

  -------         MODULE        PRINTF
  X:602EH         PUBLIC        ?_PRINTF517?BYTE
  X:602EH         PUBLIC        ?_PRINTF?BYTE
  X:602EH         PUBLIC        ?_SPRINTF517?BYTE
  X:602EH         PUBLIC        ?_SPRINTF?BYTE
  C:07A3H         PUBLIC        _PRINTF
  C:07A3H         PUBLIC        _PRINTF517
  C:079DH         PUBLIC        _SPRINTF
  C:079DH         PUBLIC        _SPRINTF517
  -------         ENDMOD        PRINTF

  -------         MODULE        ?C?MEMSET
  C:1087H         PUBLIC        ?C?MEMSET
  -------         ENDMOD        ?C?MEMSET

  -------         MODULE        ?C?CCASE
  C:10B3H         PUBLIC        ?C?CCASE
BL51 BANKED LINKER/LOCATER V6.22.4.0                                                  11/28/2024  14:06:59  PAGE 45


  -------         ENDMOD        ?C?CCASE

*** WARNING L16: UNCALLED SEGMENT, IGNORED FOR OVERLAY PROCESS
    SEGMENT: ?PR?OUTPUT_PIN_INIT?MY_GPIO

*** WARNING L16: UNCALLED SEGMENT, IGNORED FOR OVERLAY PROCESS
    SEGMENT: ?PR?P01_OUTPUT_CONFIG?MY_GPIO

*** WARNING L16: UNCALLED SEGMENT, IGNORED FOR OVERLAY PROCESS
    SEGMENT: ?PR?P26_OUTPUT_CONFIG?MY_GPIO

*** WARNING L16: UNCALLED SEGMENT, IGNORED FOR OVERLAY PROCESS
    SEGMENT: ?PR?TMR1_DISABLE?TMR1

*** WARNING L16: UNCALLED SEGMENT, IGNORED FOR OVERLAY PROCESS
    SEGMENT: ?PR?TMR2_CONFIG?TMR2

*** WARNING L16: UNCALLED SEGMENT, IGNORED FOR OVERLAY PROCESS
    SEGMENT: ?PR?TMR2_ENABLE?TMR2

*** WARNING L16: UNCALLED SEGMENT, IGNORED FOR OVERLAY PROCESS
    SEGMENT: ?PR?TMR2_DISABLE?TMR2

*** WARNING L16: UNCALLED SEGMENT, IGNORED FOR OVERLAY PROCESS
    SEGMENT: ?PR?TMR3_CONFIG?TMR3

*** WARNING L16: UNCALLED SEGMENT, IGNORED FOR OVERLAY PROCESS
    SEGMENT: ?PR?TMR3_ENABLE?TMR3

*** WARNING L16: UNCALLED SEGMENT, IGNORED FOR OVERLAY PROCESS
    SEGMENT: ?PR?TMR3_DISABLE?TMR3

*** WARNING L16: UNCALLED SEGMENT, IGNORED FOR OVERLAY PROCESS
    SEGMENT: ?PR?_UART0_SEND_BUFF?UART0

*** WARNING L16: UNCALLED SEGMENT, IGNORED FOR OVERLAY PROCESS
    SEGMENT: ?PR?_UART_CLEAR_SINGLE_INSTRUCTION?UART0

*** WARNING L16: UNCALLED SEGMENT, IGNORED FOR OVERLAY PROCESS
    SEGMENT: ?PR?__UART_BUFF_CHECK?UART0

Program Size: data=17.5 xdata=266 code=10952
LINK/LOCATE RUN COMPLETE.  13 WARNING(S),  0 ERROR(S)
